Archive member included to satisfy reference by file (symbol)

D:/programy/stm/STM32CubeMX/STM32CubeCLT_1.16.0/STM32CubeCLT_1.16.0/GNU-tools-for-STM32/bin/../lib/gcc/arm-none-eabi/12.3.1/../../../../arm-none-eabi/lib/thumb/v7e-m+fp/hard\libc_nano.a(libc_a-exit.o)
                              D:/programy/stm/STM32CubeMX/STM32CubeCLT_1.16.0/STM32CubeCLT_1.16.0/GNU-tools-for-STM32/bin/../lib/gcc/arm-none-eabi/12.3.1/../../../../arm-none-eabi/lib/thumb/v7e-m+fp/hard/crt0.o (exit)
D:/programy/stm/STM32CubeMX/STM32CubeCLT_1.16.0/STM32CubeCLT_1.16.0/GNU-tools-for-STM32/bin/../lib/gcc/arm-none-eabi/12.3.1/../../../../arm-none-eabi/lib/thumb/v7e-m+fp/hard\libc_nano.a(libc_a-findfp.o)
                              D:/programy/stm/STM32CubeMX/STM32CubeCLT_1.16.0/STM32CubeCLT_1.16.0/GNU-tools-for-STM32/bin/../lib/gcc/arm-none-eabi/12.3.1/../../../../arm-none-eabi/lib/thumb/v7e-m+fp/hard\libc_nano.a(libc_a-exit.o) (__stdio_exit_handler)
D:/programy/stm/STM32CubeMX/STM32CubeCLT_1.16.0/STM32CubeCLT_1.16.0/GNU-tools-for-STM32/bin/../lib/gcc/arm-none-eabi/12.3.1/../../../../arm-none-eabi/lib/thumb/v7e-m+fp/hard\libc_nano.a(libc_a-fwalk.o)
                              D:/programy/stm/STM32CubeMX/STM32CubeCLT_1.16.0/STM32CubeCLT_1.16.0/GNU-tools-for-STM32/bin/../lib/gcc/arm-none-eabi/12.3.1/../../../../arm-none-eabi/lib/thumb/v7e-m+fp/hard\libc_nano.a(libc_a-findfp.o) (_fwalk_sglue)
D:/programy/stm/STM32CubeMX/STM32CubeCLT_1.16.0/STM32CubeCLT_1.16.0/GNU-tools-for-STM32/bin/../lib/gcc/arm-none-eabi/12.3.1/../../../../arm-none-eabi/lib/thumb/v7e-m+fp/hard\libc_nano.a(libc_a-stdio.o)
                              D:/programy/stm/STM32CubeMX/STM32CubeCLT_1.16.0/STM32CubeCLT_1.16.0/GNU-tools-for-STM32/bin/../lib/gcc/arm-none-eabi/12.3.1/../../../../arm-none-eabi/lib/thumb/v7e-m+fp/hard\libc_nano.a(libc_a-findfp.o) (__sread)
D:/programy/stm/STM32CubeMX/STM32CubeCLT_1.16.0/STM32CubeCLT_1.16.0/GNU-tools-for-STM32/bin/../lib/gcc/arm-none-eabi/12.3.1/../../../../arm-none-eabi/lib/thumb/v7e-m+fp/hard\libc_nano.a(libc_a-memset.o)
                              D:/programy/stm/STM32CubeMX/STM32CubeCLT_1.16.0/STM32CubeCLT_1.16.0/GNU-tools-for-STM32/bin/../lib/gcc/arm-none-eabi/12.3.1/../../../../arm-none-eabi/lib/thumb/v7e-m+fp/hard/crt0.o (memset)
D:/programy/stm/STM32CubeMX/STM32CubeCLT_1.16.0/STM32CubeCLT_1.16.0/GNU-tools-for-STM32/bin/../lib/gcc/arm-none-eabi/12.3.1/../../../../arm-none-eabi/lib/thumb/v7e-m+fp/hard\libc_nano.a(libc_a-closer.o)
                              D:/programy/stm/STM32CubeMX/STM32CubeCLT_1.16.0/STM32CubeCLT_1.16.0/GNU-tools-for-STM32/bin/../lib/gcc/arm-none-eabi/12.3.1/../../../../arm-none-eabi/lib/thumb/v7e-m+fp/hard\libc_nano.a(libc_a-stdio.o) (_close_r)
D:/programy/stm/STM32CubeMX/STM32CubeCLT_1.16.0/STM32CubeCLT_1.16.0/GNU-tools-for-STM32/bin/../lib/gcc/arm-none-eabi/12.3.1/../../../../arm-none-eabi/lib/thumb/v7e-m+fp/hard\libc_nano.a(libc_a-reent.o)
                              D:/programy/stm/STM32CubeMX/STM32CubeCLT_1.16.0/STM32CubeCLT_1.16.0/GNU-tools-for-STM32/bin/../lib/gcc/arm-none-eabi/12.3.1/../../../../arm-none-eabi/lib/thumb/v7e-m+fp/hard\libc_nano.a(libc_a-closer.o) (errno)
D:/programy/stm/STM32CubeMX/STM32CubeCLT_1.16.0/STM32CubeCLT_1.16.0/GNU-tools-for-STM32/bin/../lib/gcc/arm-none-eabi/12.3.1/../../../../arm-none-eabi/lib/thumb/v7e-m+fp/hard\libc_nano.a(libc_a-impure.o)
                              D:/programy/stm/STM32CubeMX/STM32CubeCLT_1.16.0/STM32CubeCLT_1.16.0/GNU-tools-for-STM32/bin/../lib/gcc/arm-none-eabi/12.3.1/../../../../arm-none-eabi/lib/thumb/v7e-m+fp/hard\libc_nano.a(libc_a-reent.o) (_impure_ptr)
D:/programy/stm/STM32CubeMX/STM32CubeCLT_1.16.0/STM32CubeCLT_1.16.0/GNU-tools-for-STM32/bin/../lib/gcc/arm-none-eabi/12.3.1/../../../../arm-none-eabi/lib/thumb/v7e-m+fp/hard\libc_nano.a(libc_a-lseekr.o)
                              D:/programy/stm/STM32CubeMX/STM32CubeCLT_1.16.0/STM32CubeCLT_1.16.0/GNU-tools-for-STM32/bin/../lib/gcc/arm-none-eabi/12.3.1/../../../../arm-none-eabi/lib/thumb/v7e-m+fp/hard\libc_nano.a(libc_a-stdio.o) (_lseek_r)
D:/programy/stm/STM32CubeMX/STM32CubeCLT_1.16.0/STM32CubeCLT_1.16.0/GNU-tools-for-STM32/bin/../lib/gcc/arm-none-eabi/12.3.1/../../../../arm-none-eabi/lib/thumb/v7e-m+fp/hard\libc_nano.a(libc_a-readr.o)
                              D:/programy/stm/STM32CubeMX/STM32CubeCLT_1.16.0/STM32CubeCLT_1.16.0/GNU-tools-for-STM32/bin/../lib/gcc/arm-none-eabi/12.3.1/../../../../arm-none-eabi/lib/thumb/v7e-m+fp/hard\libc_nano.a(libc_a-stdio.o) (_read_r)
D:/programy/stm/STM32CubeMX/STM32CubeCLT_1.16.0/STM32CubeCLT_1.16.0/GNU-tools-for-STM32/bin/../lib/gcc/arm-none-eabi/12.3.1/../../../../arm-none-eabi/lib/thumb/v7e-m+fp/hard\libc_nano.a(libc_a-writer.o)
                              D:/programy/stm/STM32CubeMX/STM32CubeCLT_1.16.0/STM32CubeCLT_1.16.0/GNU-tools-for-STM32/bin/../lib/gcc/arm-none-eabi/12.3.1/../../../../arm-none-eabi/lib/thumb/v7e-m+fp/hard\libc_nano.a(libc_a-stdio.o) (_write_r)
[...]
Memory Configuration

Name             Origin             Length             Attributes
CCMRAM           0x10000000         0x00004000         xrw
RAM              0x20000000         0x00010000         xrw
FLASH            0x08000000         0x00080000         xr
*default*        0x00000000         0xffffffff

Linker script and memory map

LOAD D:/programy/stm/STM32CubeMX/STM32CubeCLT_1.16.0/STM32CubeCLT_1.16.0/GNU-tools-for-STM32/bin/../lib/gcc/arm-none-eabi/12.3.1/thumb/v7e-m+fp/hard/crti.o
LOAD D:/programy/stm/STM32CubeMX/STM32CubeCLT_1.16.0/STM32CubeCLT_1.16.0/GNU-tools-for-STM32/bin/../lib/gcc/arm-none-eabi/12.3.1/thumb/v7e-m+fp/hard/crtbegin.o
LOAD D:/programy/stm/STM32CubeMX/STM32CubeCLT_1.16.0/STM32CubeCLT_1.16.0/GNU-tools-for-STM32/bin/../lib/gcc/arm-none-eabi/12.3.1/../../../../arm-none-eabi/lib/thumb/v7e-m+fp/hard/crt0.o
START GROUP
LOAD D:/programy/stm/STM32CubeMX/STM32CubeCLT_1.16.0/STM32CubeCLT_1.16.0/GNU-tools-for-STM32/bin/../lib/gcc/arm-none-eabi/12.3.1/../../../../arm-none-eabi/lib/thumb/v7e-m+fp/hard\libc_nano.a
LOAD D:/programy/stm/STM32CubeMX/STM32CubeCLT_1.16.0/STM32CubeCLT_1.16.0/GNU-tools-for-STM32/bin/../lib/gcc/arm-none-eabi/12.3.1/../../../../arm-none-eabi/lib/thumb/v7e-m+fp/hard\libm.a
END GROUP
LOAD CMakeFiles/Home_sys.dir/Core/Src/main.c.obj
LOAD CMakeFiles/Home_sys.dir/Core/Src/i2c.c.obj
LOAD CMakeFiles/Home_sys.dir/Core/Src/dma.c.obj
LOAD CMakeFiles/Home_sys.dir/Core/Src/SSD1306.c.obj
LOAD CMakeFiles/Home_sys.dir/Core/Src/gpio.c.obj
LOAD CMakeFiles/Home_sys.dir/Core/Src/GFX.c.obj
LOAD CMakeFiles/Home_sys.dir/Core/Src/i2c_lcd.c.obj
LOAD CMakeFiles/Home_sys.dir/Core/Src/usart.c.obj
LOAD CMakeFiles/Home_sys.dir/Core/Src/stm32f3xx_it.c.obj
LOAD CMakeFiles/Home_sys.dir/Core/Src/stm32f3xx_hal_msp.c.obj
LOAD CMakeFiles/Home_sys.dir/Drivers/STM32F3xx_HAL_Driver/Src/stm32f3xx_hal_tim.c.obj
LOAD CMakeFiles/Home_sys.dir/Drivers/STM32F3xx_HAL_Driver/Src/stm32f3xx_hal_tim_ex.c.obj
LOAD CMakeFiles/Home_sys.dir/Drivers/STM32F3xx_HAL_Driver/Src/stm32f3xx_hal_uart.c.obj
LOAD CMakeFiles/Home_sys.dir/Drivers/STM32F3xx_HAL_Driver/Src/stm32f3xx_hal_uart_ex.c.obj
LOAD CMakeFiles/Home_sys.dir/Drivers/STM32F3xx_HAL_Driver/Src/stm32f3xx_hal.c.obj
LOAD CMakeFiles/Home_sys.dir/Drivers/STM32F3xx_HAL_Driver/Src/stm32f3xx_hal_rcc.c.obj
LOAD CMakeFiles/Home_sys.dir/Drivers/STM32F3xx_HAL_Driver/Src/stm32f3xx_hal_rcc_ex.c.obj
LOAD CMakeFiles/Home_sys.dir/Drivers/STM32F3xx_HAL_Driver/Src/stm32f3xx_hal_gpio.c.obj
LOAD CMakeFiles/Home_sys.dir/Drivers/STM32F3xx_HAL_Driver/Src/stm32f3xx_hal_dma.c.obj
LOAD CMakeFiles/Home_sys.dir/Drivers/STM32F3xx_HAL_Driver/Src/stm32f3xx_hal_cortex.c.obj
LOAD CMakeFiles/Home_sys.dir/Drivers/STM32F3xx_HAL_Driver/Src/stm32f3xx_hal_pwr.c.obj
LOAD CMakeFiles/Home_sys.dir/Drivers/STM32F3xx_HAL_Driver/Src/stm32f3xx_hal_pwr_ex.c.obj
LOAD CMakeFiles/Home_sys.dir/Drivers/STM32F3xx_HAL_Driver/Src/stm32f3xx_hal_flash.c.obj
LOAD CMakeFiles/Home_sys.dir/Drivers/STM32F3xx_HAL_Driver/Src/stm32f3xx_hal_flash_ex.c.obj
LOAD CMakeFiles/Home_sys.dir/Drivers/STM32F3xx_HAL_Driver/Src/stm32f3xx_hal_i2c.c.obj
LOAD CMakeFiles/Home_sys.dir/Drivers/STM32F3xx_HAL_Driver/Src/stm32f3xx_hal_i2c_ex.c.obj
LOAD CMakeFiles/Home_sys.dir/Drivers/STM32F3xx_HAL_Driver/Src/stm32f3xx_hal_exti.c.obj
LOAD CMakeFiles/Home_sys.dir/Core/Src/system_stm32f3xx.c.obj
LOAD CMakeFiles/Home_sys.dir/Core/Src/sysmem.c.obj
LOAD CMakeFiles/Home_sys.dir/Core/Src/syscalls.c.obj
LOAD CMakeFiles/Home_sys.dir/startup_stm32f303xe.s.obj
START GROUP
LOAD D:/programy/stm/STM32CubeMX/STM32CubeCLT_1.16.0/STM32CubeCLT_1.16.0/GNU-tools-for-STM32/bin/../lib/gcc/arm-none-eabi/12.3.1/thumb/v7e-m+fp/hard\libgcc.a
LOAD D:/programy/stm/STM32CubeMX/STM32CubeCLT_1.16.0/STM32CubeCLT_1.16.0/GNU-tools-for-STM32/bin/../lib/gcc/arm-none-eabi/12.3.1/../../../../arm-none-eabi/lib/thumb/v7e-m+fp/hard\libg_nano.a
LOAD D:/programy/stm/STM32CubeMX/STM32CubeCLT_1.16.0/STM32CubeCLT_1.16.0/GNU-tools-for-STM32/bin/../lib/gcc/arm-none-eabi/12.3.1/../../../../arm-none-eabi/lib/thumb/v7e-m+fp/hard\libc_nano.a
END GROUP
START GROUP
LOAD D:/programy/stm/STM32CubeMX/STM32CubeCLT_1.16.0/STM32CubeCLT_1.16.0/GNU-tools-for-STM32/bin/../lib/gcc/arm-none-eabi/12.3.1/thumb/v7e-m+fp/hard\libgcc.a
LOAD D:/programy/stm/STM32CubeMX/STM32CubeCLT_1.16.0/STM32CubeCLT_1.16.0/GNU-tools-for-STM32/bin/../lib/gcc/arm-none-eabi/12.3.1/../../../../arm-none-eabi/lib/thumb/v7e-m+fp/hard\libc_nano.a
END GROUP
LOAD D:/programy/stm/STM32CubeMX/STM32CubeCLT_1.16.0/STM32CubeCLT_1.16.0/GNU-tools-for-STM32/bin/../lib/gcc/arm-none-eabi/12.3.1/thumb/v7e-m+fp/hard/crtend.o
LOAD D:/programy/stm/STM32CubeMX/STM32CubeCLT_1.16.0/STM32CubeCLT_1.16.0/GNU-tools-for-STM32/bin/../lib/gcc/arm-none-eabi/12.3.1/thumb/v7e-m+fp/hard/crtn.o
                0x20010000                        _estack = (ORIGIN (RAM) + LENGTH (RAM))
                0x00000200                        _Min_Heap_Size = 0x200
                0x00000400                        _Min_Stack_Size = 0x400

.isr_vector     0x08000000      0x194
                0x08000000                        . = ALIGN (0x4)
 *(.isr_vector)
 .isr_vector    0x08000000      0x194 CMakeFiles/Home_sys.dir/startup_stm32f303xe.s.obj
                0x08000000                g_pfnVectors
                0x08000194                        . = ALIGN (0x4)

.text           0x08000194     0x6008
                0x08000194                        . = ALIGN (0x4)
 *(.text)
 .text          0x08000194       0x40 D:/programy/stm/STM32CubeMX/STM32CubeCLT_1.16.0/STM32CubeCLT_1.16.0/GNU-tools-for-STM32/bin/../lib/gcc/arm-none-eabi/12.3.1/thumb/v7e-m+fp/hard/crtbegin.o
 *(.text*)
 .text.memset   0x080001d4       0x10 D:/programy/stm/STM32CubeMX/STM32CubeCLT_1.16.0/STM32CubeCLT_1.16.0/GNU-tools-for-STM32/bin/../lib/gcc/arm-none-eabi/12.3.1/../../../../arm-none-eabi/lib/thumb/v7e-m+fp/hard\libc_nano.a(libc_a-memset.o)
                0x080001d4                memset
 .text.__libc_init_array
                0x080001e4       0x48 D:/programy/stm/STM32CubeMX/STM32CubeCLT_1.16.0/STM32CubeCLT_1.16.0/GNU-tools-for-STM32/bin/../lib/gcc/arm-none-eabi/12.3.1/../../../../arm-none-eabi/lib/thumb/v7e-m+fp/hard\libc_nano.a(libc_a-init.o)
                0x080001e4                __libc_init_array
 .text.__retarget_lock_acquire_recursive
                0x0800022c        0x2 D:/programy/stm/STM32CubeMX/STM32CubeCLT_1.16.0/STM32CubeCLT_1.16.0/GNU-tools-for-STM32/bin/../lib/gcc/arm-none-eabi/12.3.1/../../../../arm-none-eabi/lib/thumb/v7e-m+fp/hard\libc_nano.a(libc_a-lock.o)
                0x0800022c                __retarget_lock_acquire_recursive
 .text.__retarget_lock_release_recursive
                0x0800022e        0x2 D:/programy/stm/STM32CubeMX/STM32CubeCLT_1.16.0/STM32CubeCLT_1.16.0/GNU-tools-for-STM32/bin/../lib/gcc/arm-none-eabi/12.3.1/../../../../arm-none-eabi/lib/thumb/v7e-m+fp/hard\libc_nano.a(libc_a-lock.o)
                0x0800022e                __retarget_lock_release_recursive
 .text.sbrk_aligned
                0x08000230       0x44 D:/programy/stm/STM32CubeMX/STM32CubeCLT_1.16.0/STM32CubeCLT_1.16.0/GNU-tools-for-STM32/bin/../lib/gcc/arm-none-eabi/12.3.1/../../../../arm-none-eabi/lib/thumb/v7e-m+fp/hard\libc_nano.a(libc_a-mallocr.o)
 .text._malloc_r
                0x08000274      0x100 D:/programy/stm/STM32CubeMX/STM32CubeCLT_1.16.0/STM32CubeCLT_1.16.0/GNU-tools-for-STM32/bin/../lib/gcc/arm-none-eabi/12.3.1/../../../../arm-none-eabi/lib/thumb/v7e-m+fp/hard\libc_nano.a(libc_a-mallocr.o)
                0x08000274                _malloc_r
 .text.__malloc_lock
                0x08000374        0xc D:/programy/stm/STM32CubeMX/STM32CubeCLT_1.16.0/STM32CubeCLT_1.16.0/GNU-tools-for-STM32/bin/../lib/gcc/arm-none-eabi/12.3.1/../../../../arm-none-eabi/lib/thumb/v7e-m+fp/hard\libc_nano.a(libc_a-mlock.o)
                0x08000374                __malloc_lock
 .text.__malloc_unlock
                0x08000380        0xc D:/programy/stm/STM32CubeMX/STM32CubeCLT_1.16.0/STM32CubeCLT_1.16.0/GNU-tools-for-STM32/bin/../lib/gcc/arm-none-eabi/12.3.1/../../../../arm-none-eabi/lib/thumb/v7e-m+fp/hard\libc_nano.a(libc_a-mlock.o)
                0x08000380                __malloc_unlock
 .text._sbrk_r  0x0800038c       0x20 D:/programy/stm/STM32CubeMX/STM32CubeCLT_1.16.0/STM32CubeCLT_1.16.0/GNU-tools-for-STM32/bin/../lib/gcc/arm-none-eabi/12.3.1/../../../../arm-none-eabi/lib/thumb/v7e-m+fp/hard\libc_nano.a(libc_a-sbrkr.o)
                0x0800038c                _sbrk_r
 .text.main     0x080003ac       0x4c CMakeFiles/Home_sys.dir/Core/Src/main.c.obj
                0x080003ac                main
 .text.SystemClock_Config
                0x080003f8       0xc0 CMakeFiles/Home_sys.dir/Core/Src/main.c.obj
                0x080003f8                SystemClock_Config
 .text.Error_Handler
                0x080004b8        0xc CMakeFiles/Home_sys.dir/Core/Src/main.c.obj
                0x080004b8                Error_Handler
 .text.MX_I2C1_Init
                0x080004c4       0x80 CMakeFiles/Home_sys.dir/Core/Src/i2c.c.obj
                0x080004c4                MX_I2C1_Init
 .text.HAL_I2C_MspInit
                0x08000544       0xec CMakeFiles/Home_sys.dir/Core/Src/i2c.c.obj
                0x08000544                HAL_I2C_MspInit
 .text.MX_DMA_Init
                0x08000630       0x3c CMakeFiles/Home_sys.dir/Core/Src/dma.c.obj
                0x08000630                MX_DMA_Init
 .text.platform_write
                0x0800066c       0x38 CMakeFiles/Home_sys.dir/Core/Src/SSD1306.c.obj
 .text.platform_write_dma
                0x080006a4       0x34 CMakeFiles/Home_sys.dir/Core/Src/SSD1306.c.obj
 .text.SSD1306_send_com
                0x080006d8       0x1e CMakeFiles/Home_sys.dir/Core/Src/SSD1306.c.obj
 *fill*         0x080006f6        0x2 
 .text.SSD1306_init
                0x080006f8      0x118 CMakeFiles/Home_sys.dir/Core/Src/SSD1306.c.obj
                0x080006f8                SSD1306_init
 .text.SSD1306_draw_pixel
                0x08000810      0x1b0 CMakeFiles/Home_sys.dir/Core/Src/SSD1306.c.obj
                0x08000810                SSD1306_draw_pixel
 .text.SSD1306_display_clear
                0x080009c0       0x1c CMakeFiles/Home_sys.dir/Core/Src/SSD1306.c.obj
                0x080009c0                SSD1306_display_clear
 .text.SSD1306_draw_fast_hline_internal
                0x080009dc      0x120 CMakeFiles/Home_sys.dir/Core/Src/SSD1306.c.obj
                0x080009dc                SSD1306_draw_fast_hline_internal
 .text.SSD1306_draw_fast_vline
                0x08000afc       0xf0 CMakeFiles/Home_sys.dir/Core/Src/SSD1306.c.obj
                0x08000afc                SSD1306_draw_fast_vline
 .text.SSD1306_draw_fast_vline_internal
                0x08000bec      0x1f8 CMakeFiles/Home_sys.dir/Core/Src/SSD1306.c.obj
                0x08000bec                SSD1306_draw_fast_vline_internal
 .text.SSD1306_display_repaint
                0x08000de4       0x4c CMakeFiles/Home_sys.dir/Core/Src/SSD1306.c.obj
                0x08000de4                SSD1306_display_repaint
 .text.SSD1306_set_rotation
                0x08000e30       0x20 CMakeFiles/Home_sys.dir/Core/Src/SSD1306.c.obj
                0x08000e30                SSD1306_set_rotation
 .text.SSD1306_get_rotation
                0x08000e50       0x18 CMakeFiles/Home_sys.dir/Core/Src/SSD1306.c.obj
                0x08000e50                SSD1306_get_rotation
 .text.MX_GPIO_Init
                0x08000e68       0xcc CMakeFiles/Home_sys.dir/Core/Src/gpio.c.obj
                0x08000e68                MX_GPIO_Init
 .text.GFX_draw_char
                0x08000f34      0x234 CMakeFiles/Home_sys.dir/Core/Src/GFX.c.obj
                0x08000f34                GFX_draw_char
 .text.GFX_draw_string
                0x08001168       0x72 CMakeFiles/Home_sys.dir/Core/Src/GFX.c.obj
                0x08001168                GFX_draw_string
 .text.GFX_draw_fill_rect
                0x080011da       0x5e CMakeFiles/Home_sys.dir/Core/Src/GFX.c.obj
                0x080011da                GFX_draw_fill_rect
 .text.MX_USART2_UART_Init
                0x08001238       0x60 CMakeFiles/Home_sys.dir/Core/Src/usart.c.obj
                0x08001238                MX_USART2_UART_Init
 .text.HAL_UART_MspInit
                0x08001298       0x84 CMakeFiles/Home_sys.dir/Core/Src/usart.c.obj
                0x08001298                HAL_UART_MspInit
 .text.NMI_Handler
                0x0800131c        0x8 CMakeFiles/Home_sys.dir/Core/Src/stm32f3xx_it.c.obj
                0x0800131c                NMI_Handler
 .text.HardFault_Handler
                0x08001324        0x8 CMakeFiles/Home_sys.dir/Core/Src/stm32f3xx_it.c.obj
                0x08001324                HardFault_Handler
 .text.MemManage_Handler
                0x0800132c        0x8 CMakeFiles/Home_sys.dir/Core/Src/stm32f3xx_it.c.obj
                0x0800132c                MemManage_Handler
 .text.BusFault_Handler
                0x08001334        0x8 CMakeFiles/Home_sys.dir/Core/Src/stm32f3xx_it.c.obj
                0x08001334                BusFault_Handler
 .text.UsageFault_Handler
                0x0800133c        0x8 CMakeFiles/Home_sys.dir/Core/Src/stm32f3xx_it.c.obj
                0x0800133c                UsageFault_Handler
 .text.SVC_Handler
                0x08001344        0xe CMakeFiles/Home_sys.dir/Core/Src/stm32f3xx_it.c.obj
                0x08001344                SVC_Handler
 .text.DebugMon_Handler
                0x08001352        0xe CMakeFiles/Home_sys.dir/Core/Src/stm32f3xx_it.c.obj
                0x08001352                DebugMon_Handler
 .text.PendSV_Handler
                0x08001360        0xe CMakeFiles/Home_sys.dir/Core/Src/stm32f3xx_it.c.obj
                0x08001360                PendSV_Handler
 .text.SysTick_Handler
                0x0800136e        0xc CMakeFiles/Home_sys.dir/Core/Src/stm32f3xx_it.c.obj
                0x0800136e                SysTick_Handler
 *fill*         0x0800137a        0x2 
 .text.DMA1_Channel6_IRQHandler
                0x0800137c       0x14 CMakeFiles/Home_sys.dir/Core/Src/stm32f3xx_it.c.obj
                0x0800137c                DMA1_Channel6_IRQHandler
 .text.I2C1_EV_IRQHandler
                0x08001390       0x14 CMakeFiles/Home_sys.dir/Core/Src/stm32f3xx_it.c.obj
                0x08001390                I2C1_EV_IRQHandler
 .text.HAL_MspInit
                0x080013a4       0x48 CMakeFiles/Home_sys.dir/Core/Src/stm32f3xx_hal_msp.c.obj
                0x080013a4                HAL_MspInit
 .text.HAL_UART_Init
                0x080013ec       0x9c CMakeFiles/Home_sys.dir/Drivers/STM32F3xx_HAL_Driver/Src/stm32f3xx_hal_uart.c.obj
                0x080013ec                HAL_UART_Init
 .text.UART_SetConfig
                0x08001488      0x3a8 CMakeFiles/Home_sys.dir/Drivers/STM32F3xx_HAL_Driver/Src/stm32f3xx_hal_uart.c.obj
                0x08001488                UART_SetConfig
 .text.UART_AdvFeatureConfig
                0x08001830      0x144 CMakeFiles/Home_sys.dir/Drivers/STM32F3xx_HAL_Driver/Src/stm32f3xx_hal_uart.c.obj
                0x08001830                UART_AdvFeatureConfig
 .text.UART_CheckIdleState
                0x08001974      0x150 CMakeFiles/Home_sys.dir/Drivers/STM32F3xx_HAL_Driver/Src/stm32f3xx_hal_uart.c.obj
                0x08001974                UART_CheckIdleState
 .text.UART_WaitOnFlagUntilTimeout
                0x08001ac4       0xda CMakeFiles/Home_sys.dir/Drivers/STM32F3xx_HAL_Driver/Src/stm32f3xx_hal_uart.c.obj
                0x08001ac4                UART_WaitOnFlagUntilTimeout
 .text.UART_EndRxTransfer
                0x08001b9e       0xc8 CMakeFiles/Home_sys.dir/Drivers/STM32F3xx_HAL_Driver/Src/stm32f3xx_hal_uart.c.obj
 *fill*         0x08001c66        0x2 
 .text.HAL_Init
                0x08001c68       0x2c CMakeFiles/Home_sys.dir/Drivers/STM32F3xx_HAL_Driver/Src/stm32f3xx_hal.c.obj
                0x08001c68                HAL_Init
 .text.HAL_InitTick
                0x08001c94       0x60 CMakeFiles/Home_sys.dir/Drivers/STM32F3xx_HAL_Driver/Src/stm32f3xx_hal.c.obj
                0x08001c94                HAL_InitTick
 .text.HAL_IncTick
                0x08001cf4       0x28 CMakeFiles/Home_sys.dir/Drivers/STM32F3xx_HAL_Driver/Src/stm32f3xx_hal.c.obj
                0x08001cf4                HAL_IncTick
 .text.HAL_GetTick
                0x08001d1c       0x18 CMakeFiles/Home_sys.dir/Drivers/STM32F3xx_HAL_Driver/Src/stm32f3xx_hal.c.obj
                0x08001d1c                HAL_GetTick
 .text.HAL_Delay
                0x08001d34       0x48 CMakeFiles/Home_sys.dir/Drivers/STM32F3xx_HAL_Driver/Src/stm32f3xx_hal.c.obj
                0x08001d34                HAL_Delay
 .text.HAL_RCC_OscConfig
                0x08001d7c     0x10a8 CMakeFiles/Home_sys.dir/Drivers/STM32F3xx_HAL_Driver/Src/stm32f3xx_hal_rcc.c.obj
                0x08001d7c                HAL_RCC_OscConfig
 .text.HAL_RCC_ClockConfig
                0x08002e24      0x2f8 CMakeFiles/Home_sys.dir/Drivers/STM32F3xx_HAL_Driver/Src/stm32f3xx_hal_rcc.c.obj
                0x08002e24                HAL_RCC_ClockConfig
 .text.HAL_RCC_GetSysClockFreq
                0x0800311c       0xa8 CMakeFiles/Home_sys.dir/Drivers/STM32F3xx_HAL_Driver/Src/stm32f3xx_hal_rcc.c.obj
                0x0800311c                HAL_RCC_GetSysClockFreq
 .text.HAL_RCC_GetHCLKFreq
                0x080031c4       0x18 CMakeFiles/Home_sys.dir/Drivers/STM32F3xx_HAL_Driver/Src/stm32f3xx_hal_rcc.c.obj
                0x080031c4                HAL_RCC_GetHCLKFreq
 .text.HAL_RCC_GetPCLK1Freq
                0x080031dc       0x44 CMakeFiles/Home_sys.dir/Drivers/STM32F3xx_HAL_Driver/Src/stm32f3xx_hal_rcc.c.obj
                0x080031dc                HAL_RCC_GetPCLK1Freq
 .text.HAL_RCC_GetPCLK2Freq
                0x08003220       0x44 CMakeFiles/Home_sys.dir/Drivers/STM32F3xx_HAL_Driver/Src/stm32f3xx_hal_rcc.c.obj
                0x08003220                HAL_RCC_GetPCLK2Freq
 .text.HAL_RCCEx_PeriphCLKConfig
                0x08003264      0x43c CMakeFiles/Home_sys.dir/Drivers/STM32F3xx_HAL_Driver/Src/stm32f3xx_hal_rcc_ex.c.obj
                0x08003264                HAL_RCCEx_PeriphCLKConfig
 .text.HAL_GPIO_Init
                0x080036a0      0x314 CMakeFiles/Home_sys.dir/Drivers/STM32F3xx_HAL_Driver/Src/stm32f3xx_hal_gpio.c.obj
                0x080036a0                HAL_GPIO_Init
 .text.HAL_GPIO_WritePin
                0x080039b4       0x30 CMakeFiles/Home_sys.dir/Drivers/STM32F3xx_HAL_Driver/Src/stm32f3xx_hal_gpio.c.obj
                0x080039b4                HAL_GPIO_WritePin
 .text.HAL_DMA_Init
                0x080039e4       0x8e CMakeFiles/Home_sys.dir/Drivers/STM32F3xx_HAL_Driver/Src/stm32f3xx_hal_dma.c.obj
                0x080039e4                HAL_DMA_Init
 .text.HAL_DMA_Start_IT
                0x08003a72       0xbe CMakeFiles/Home_sys.dir/Drivers/STM32F3xx_HAL_Driver/Src/stm32f3xx_hal_dma.c.obj
                0x08003a72                HAL_DMA_Start_IT
 .text.HAL_DMA_Abort_IT
                0x08003b30       0x7c CMakeFiles/Home_sys.dir/Drivers/STM32F3xx_HAL_Driver/Src/stm32f3xx_hal_dma.c.obj
                0x08003b30                HAL_DMA_Abort_IT
 .text.HAL_DMA_IRQHandler
                0x08003bac      0x146 CMakeFiles/Home_sys.dir/Drivers/STM32F3xx_HAL_Driver/Src/stm32f3xx_hal_dma.c.obj
                0x08003bac                HAL_DMA_IRQHandler
 .text.HAL_DMA_GetState
                0x08003cf2       0x1a CMakeFiles/Home_sys.dir/Drivers/STM32F3xx_HAL_Driver/Src/stm32f3xx_hal_dma.c.obj
                0x08003cf2                HAL_DMA_GetState
 .text.DMA_SetConfig
                0x08003d0c       0x5c CMakeFiles/Home_sys.dir/Drivers/STM32F3xx_HAL_Driver/Src/stm32f3xx_hal_dma.c.obj
 .text.DMA_CalcBaseAndBitshift
                0x08003d68       0x78 CMakeFiles/Home_sys.dir/Drivers/STM32F3xx_HAL_Driver/Src/stm32f3xx_hal_dma.c.obj
 .text.__NVIC_SetPriorityGrouping
                0x08003de0       0x48 CMakeFiles/Home_sys.dir/Drivers/STM32F3xx_HAL_Driver/Src/stm32f3xx_hal_cortex.c.obj
 .text.__NVIC_GetPriorityGrouping
                0x08003e28       0x1c CMakeFiles/Home_sys.dir/Drivers/STM32F3xx_HAL_Driver/Src/stm32f3xx_hal_cortex.c.obj
 .text.__NVIC_EnableIRQ
                0x08003e44       0x3c CMakeFiles/Home_sys.dir/Drivers/STM32F3xx_HAL_Driver/Src/stm32f3xx_hal_cortex.c.obj
 .text.__NVIC_SetPriority
                0x08003e80       0x54 CMakeFiles/Home_sys.dir/Drivers/STM32F3xx_HAL_Driver/Src/stm32f3xx_hal_cortex.c.obj
 .text.NVIC_EncodePriority
                0x08003ed4       0x66 CMakeFiles/Home_sys.dir/Drivers/STM32F3xx_HAL_Driver/Src/stm32f3xx_hal_cortex.c.obj
 *fill*         0x08003f3a        0x2 
 .text.SysTick_Config
                0x08003f3c       0x44 CMakeFiles/Home_sys.dir/Drivers/STM32F3xx_HAL_Driver/Src/stm32f3xx_hal_cortex.c.obj
 .text.HAL_NVIC_SetPriorityGrouping
                0x08003f80       0x16 CMakeFiles/Home_sys.dir/Drivers/STM32F3xx_HAL_Driver/Src/stm32f3xx_hal_cortex.c.obj
                0x08003f80                HAL_NVIC_SetPriorityGrouping
 .text.HAL_NVIC_SetPriority
                0x08003f96       0x38 CMakeFiles/Home_sys.dir/Drivers/STM32F3xx_HAL_Driver/Src/stm32f3xx_hal_cortex.c.obj
                0x08003f96                HAL_NVIC_SetPriority
 .text.HAL_NVIC_EnableIRQ
                0x08003fce       0x1c CMakeFiles/Home_sys.dir/Drivers/STM32F3xx_HAL_Driver/Src/stm32f3xx_hal_cortex.c.obj
                0x08003fce                HAL_NVIC_EnableIRQ
 .text.HAL_SYSTICK_Config
                0x08003fea       0x18 CMakeFiles/Home_sys.dir/Drivers/STM32F3xx_HAL_Driver/Src/stm32f3xx_hal_cortex.c.obj
                0x08003fea                HAL_SYSTICK_Config
 .text.HAL_I2C_Init
                0x08004002      0x136 CMakeFiles/Home_sys.dir/Drivers/STM32F3xx_HAL_Driver/Src/stm32f3xx_hal_i2c.c.obj
                0x08004002                HAL_I2C_Init
 .text.HAL_I2C_Mem_Write
                0x08004138      0x228 CMakeFiles/Home_sys.dir/Drivers/STM32F3xx_HAL_Driver/Src/stm32f3xx_hal_i2c.c.obj
                0x08004138                HAL_I2C_Mem_Write
 .text.HAL_I2C_Mem_Write_DMA
                0x08004360      0x1cc CMakeFiles/Home_sys.dir/Drivers/STM32F3xx_HAL_Driver/Src/stm32f3xx_hal_i2c.c.obj
                0x08004360                HAL_I2C_Mem_Write_DMA
 .text.HAL_I2C_EV_IRQHandler
                0x0800452c       0x34 CMakeFiles/Home_sys.dir/Drivers/STM32F3xx_HAL_Driver/Src/stm32f3xx_hal_i2c.c.obj
                0x0800452c                HAL_I2C_EV_IRQHandler
 .text.HAL_I2C_MasterTxCpltCallback
                0x08004560       0x14 CMakeFiles/Home_sys.dir/Drivers/STM32F3xx_HAL_Driver/Src/stm32f3xx_hal_i2c.c.obj
                0x08004560                HAL_I2C_MasterTxCpltCallback
 .text.HAL_I2C_MasterRxCpltCallback
                0x08004574       0x14 CMakeFiles/Home_sys.dir/Drivers/STM32F3xx_HAL_Driver/Src/stm32f3xx_hal_i2c.c.obj
                0x08004574                HAL_I2C_MasterRxCpltCallback
 .text.HAL_I2C_SlaveTxCpltCallback
                0x08004588       0x14 CMakeFiles/Home_sys.dir/Drivers/STM32F3xx_HAL_Driver/Src/stm32f3xx_hal_i2c.c.obj
                0x08004588                HAL_I2C_SlaveTxCpltCallback
 .text.HAL_I2C_SlaveRxCpltCallback
                0x0800459c       0x14 CMakeFiles/Home_sys.dir/Drivers/STM32F3xx_HAL_Driver/Src/stm32f3xx_hal_i2c.c.obj
                0x0800459c                HAL_I2C_SlaveRxCpltCallback
 .text.HAL_I2C_AddrCallback
                0x080045b0       0x1c CMakeFiles/Home_sys.dir/Drivers/STM32F3xx_HAL_Driver/Src/stm32f3xx_hal_i2c.c.obj
                0x080045b0                HAL_I2C_AddrCallback
 .text.HAL_I2C_ListenCpltCallback
                0x080045cc       0x14 CMakeFiles/Home_sys.dir/Drivers/STM32F3xx_HAL_Driver/Src/stm32f3xx_hal_i2c.c.obj
                0x080045cc                HAL_I2C_ListenCpltCallback
 .text.HAL_I2C_MemTxCpltCallback
                0x080045e0       0x14 CMakeFiles/Home_sys.dir/Drivers/STM32F3xx_HAL_Driver/Src/stm32f3xx_hal_i2c.c.obj
                0x080045e0                HAL_I2C_MemTxCpltCallback
 .text.HAL_I2C_MemRxCpltCallback
                0x080045f4       0x14 CMakeFiles/Home_sys.dir/Drivers/STM32F3xx_HAL_Driver/Src/stm32f3xx_hal_i2c.c.obj
                0x080045f4                HAL_I2C_MemRxCpltCallback
 .text.HAL_I2C_ErrorCallback
                0x08004608       0x14 CMakeFiles/Home_sys.dir/Drivers/STM32F3xx_HAL_Driver/Src/stm32f3xx_hal_i2c.c.obj
                0x08004608                HAL_I2C_ErrorCallback
 .text.HAL_I2C_AbortCpltCallback
                0x0800461c       0x14 CMakeFiles/Home_sys.dir/Drivers/STM32F3xx_HAL_Driver/Src/stm32f3xx_hal_i2c.c.obj
                0x0800461c                HAL_I2C_AbortCpltCallback
 .text.I2C_Slave_ISR_IT
                0x08004630      0x1f2 CMakeFiles/Home_sys.dir/Drivers/STM32F3xx_HAL_Driver/Src/stm32f3xx_hal_i2c.c.obj
 .text.I2C_Master_ISR_DMA
                0x08004822      0x1f2 CMakeFiles/Home_sys.dir/Drivers/STM32F3xx_HAL_Driver/Src/stm32f3xx_hal_i2c.c.obj
 .text.I2C_Mem_ISR_DMA
                0x08004a14      0x288 CMakeFiles/Home_sys.dir/Drivers/STM32F3xx_HAL_Driver/Src/stm32f3xx_hal_i2c.c.obj
 .text.I2C_Slave_ISR_DMA
                0x08004c9c      0x1ae CMakeFiles/Home_sys.dir/Drivers/STM32F3xx_HAL_Driver/Src/stm32f3xx_hal_i2c.c.obj
 *fill*         0x08004e4a        0x2 
 .text.I2C_RequestMemoryWrite
                0x08004e4c       0xa8 CMakeFiles/Home_sys.dir/Drivers/STM32F3xx_HAL_Driver/Src/stm32f3xx_hal_i2c.c.obj
 .text.I2C_ITAddrCplt
                0x08004ef4      0x108 CMakeFiles/Home_sys.dir/Drivers/STM32F3xx_HAL_Driver/Src/stm32f3xx_hal_i2c.c.obj
 .text.I2C_ITMasterSeqCplt
                0x08004ffc       0x7a CMakeFiles/Home_sys.dir/Drivers/STM32F3xx_HAL_Driver/Src/stm32f3xx_hal_i2c.c.obj
 .text.I2C_ITSlaveSeqCplt
                0x08005076       0xb8 CMakeFiles/Home_sys.dir/Drivers/STM32F3xx_HAL_Driver/Src/stm32f3xx_hal_i2c.c.obj
 *fill*         0x0800512e        0x2 
 .text.I2C_ITMasterCplt
                0x08005130      0x190 CMakeFiles/Home_sys.dir/Drivers/STM32F3xx_HAL_Driver/Src/stm32f3xx_hal_i2c.c.obj
 .text.I2C_ITSlaveCplt
                0x080052c0      0x2c8 CMakeFiles/Home_sys.dir/Drivers/STM32F3xx_HAL_Driver/Src/stm32f3xx_hal_i2c.c.obj
 .text.I2C_ITListenCplt
                0x08005588       0xa8 CMakeFiles/Home_sys.dir/Drivers/STM32F3xx_HAL_Driver/Src/stm32f3xx_hal_i2c.c.obj
 .text.I2C_ITError
                0x08005630      0x1e0 CMakeFiles/Home_sys.dir/Drivers/STM32F3xx_HAL_Driver/Src/stm32f3xx_hal_i2c.c.obj
 .text.I2C_TreatErrorCallback
                0x08005810       0x4e CMakeFiles/Home_sys.dir/Drivers/STM32F3xx_HAL_Driver/Src/stm32f3xx_hal_i2c.c.obj
 .text.I2C_Flush_TXDR
                0x0800585e       0x48 CMakeFiles/Home_sys.dir/Drivers/STM32F3xx_HAL_Driver/Src/stm32f3xx_hal_i2c.c.obj
 .text.I2C_DMAMasterTransmitCplt
                0x080058a6       0x96 CMakeFiles/Home_sys.dir/Drivers/STM32F3xx_HAL_Driver/Src/stm32f3xx_hal_i2c.c.obj
 .text.I2C_DMAError
                0x0800593c       0x2e CMakeFiles/Home_sys.dir/Drivers/STM32F3xx_HAL_Driver/Src/stm32f3xx_hal_i2c.c.obj
 .text.I2C_DMAAbort
                0x0800596a       0x3c CMakeFiles/Home_sys.dir/Drivers/STM32F3xx_HAL_Driver/Src/stm32f3xx_hal_i2c.c.obj
 .text.I2C_WaitOnFlagUntilTimeout
                0x080059a6       0xb2 CMakeFiles/Home_sys.dir/Drivers/STM32F3xx_HAL_Driver/Src/stm32f3xx_hal_i2c.c.obj
 .text.I2C_WaitOnTXISFlagUntilTimeout
                0x08005a58       0x8e CMakeFiles/Home_sys.dir/Drivers/STM32F3xx_HAL_Driver/Src/stm32f3xx_hal_i2c.c.obj
 .text.I2C_WaitOnSTOPFlagUntilTimeout
                0x08005ae6       0x86 CMakeFiles/Home_sys.dir/Drivers/STM32F3xx_HAL_Driver/Src/stm32f3xx_hal_i2c.c.obj
 .text.I2C_IsErrorOccurred
                0x08005b6c      0x1c0 CMakeFiles/Home_sys.dir/Drivers/STM32F3xx_HAL_Driver/Src/stm32f3xx_hal_i2c.c.obj
 .text.I2C_TransferConfig
                0x08005d2c       0x64 CMakeFiles/Home_sys.dir/Drivers/STM32F3xx_HAL_Driver/Src/stm32f3xx_hal_i2c.c.obj
 .text.I2C_Enable_IRQ
                0x08005d90      0x108 CMakeFiles/Home_sys.dir/Drivers/STM32F3xx_HAL_Driver/Src/stm32f3xx_hal_i2c.c.obj
 .text.I2C_Disable_IRQ
                0x08005e98       0xbc CMakeFiles/Home_sys.dir/Drivers/STM32F3xx_HAL_Driver/Src/stm32f3xx_hal_i2c.c.obj
 .text.HAL_I2CEx_ConfigAnalogFilter
                0x08005f54       0x96 CMakeFiles/Home_sys.dir/Drivers/STM32F3xx_HAL_Driver/Src/stm32f3xx_hal_i2c_ex.c.obj
                0x08005f54                HAL_I2CEx_ConfigAnalogFilter
 .text.HAL_I2CEx_ConfigDigitalFilter
                0x08005fea       0x98 CMakeFiles/Home_sys.dir/Drivers/STM32F3xx_HAL_Driver/Src/stm32f3xx_hal_i2c_ex.c.obj
                0x08005fea                HAL_I2CEx_ConfigDigitalFilter
 *fill*         0x08006082        0x2 
 .text.SystemInit
                0x08006084       0x24 CMakeFiles/Home_sys.dir/Core/Src/system_stm32f3xx.c.obj
                0x08006084                SystemInit
 .text._sbrk    0x080060a8       0x6c CMakeFiles/Home_sys.dir/Core/Src/sysmem.c.obj
                0x080060a8                _sbrk
 .text.Reset_Handler
                0x08006114       0x50 CMakeFiles/Home_sys.dir/startup_stm32f303xe.s.obj
                0x08006114                Reset_Handler
 .text.Default_Handler
                0x08006164        0x2 CMakeFiles/Home_sys.dir/startup_stm32f303xe.s.obj
                0x08006164                RTC_Alarm_IRQHandler
                0x08006164                TIM8_TRG_COM_IRQHandler
                0x08006164                TIM8_CC_IRQHandler
                0x08006164                SPI4_IRQHandler
                0x08006164                TIM1_CC_IRQHandler
                0x08006164                USB_HP_IRQHandler
                0x08006164                PVD_IRQHandler
                0x08006164                TAMP_STAMP_IRQHandler
                0x08006164                EXTI3_IRQHandler
                0x08006164                I2C3_ER_IRQHandler
                0x08006164                USB_HP_CAN_TX_IRQHandler
                0x08006164                EXTI0_IRQHandler
                0x08006164                I2C2_EV_IRQHandler
                0x08006164                FPU_IRQHandler
                0x08006164                TIM1_UP_TIM16_IRQHandler
                0x08006164                ADC1_2_IRQHandler
                0x08006164                SPI1_IRQHandler
                0x08006164                CAN_SCE_IRQHandler
                0x08006164                TIM6_DAC_IRQHandler
                0x08006164                TIM8_UP_IRQHandler
                0x08006164                DMA2_Channel2_IRQHandler
                0x08006164                DMA1_Channel4_IRQHandler
                0x08006164                TIM20_TRG_COM_IRQHandler
                0x08006164                USART3_IRQHandler
                0x08006164                DMA1_Channel7_IRQHandler
                0x08006164                UART5_IRQHandler
                0x08006164                ADC3_IRQHandler
                0x08006164                TIM4_IRQHandler
                0x08006164                CAN_RX1_IRQHandler
                0x08006164                DMA2_Channel1_IRQHandler
                0x08006164                UART4_IRQHandler
                0x08006164                DMA2_Channel4_IRQHandler
                0x08006164                TIM3_IRQHandler
                0x08006164                RCC_IRQHandler
                0x08006164                TIM20_UP_IRQHandler
                0x08006164                DMA1_Channel1_IRQHandler
                0x08006164                Default_Handler
                0x08006164                USBWakeUp_RMP_IRQHandler
                0x08006164                EXTI15_10_IRQHandler
                0x08006164                TIM7_IRQHandler
                0x08006164                I2C3_EV_IRQHandler
                0x08006164                EXTI9_5_IRQHandler
                0x08006164                RTC_WKUP_IRQHandler
                0x08006164                SPI2_IRQHandler
                0x08006164                USB_LP_CAN_RX0_IRQHandler
                0x08006164                DMA2_Channel5_IRQHandler
                0x08006164                DMA1_Channel5_IRQHandler
                0x08006164                USB_LP_IRQHandler
                0x08006164                EXTI4_IRQHandler
                0x08006164                TIM1_TRG_COM_TIM17_IRQHandler
                0x08006164                DMA1_Channel3_IRQHandler
                0x08006164                ADC4_IRQHandler
                0x08006164                WWDG_IRQHandler
                0x08006164                TIM2_IRQHandler
                0x08006164                COMP7_IRQHandler
                0x08006164                COMP1_2_3_IRQHandler
                0x08006164                EXTI1_IRQHandler
                0x08006164                USART2_IRQHandler
                0x08006164                COMP4_5_6_IRQHandler
                0x08006164                TIM20_BRK_IRQHandler
                0x08006164                I2C2_ER_IRQHandler
                0x08006164                DMA1_Channel2_IRQHandler
                0x08006164                TIM8_BRK_IRQHandler
                0x08006164                FLASH_IRQHandler
                0x08006164                TIM20_CC_IRQHandler
                0x08006164                USART1_IRQHandler
                0x08006164                SPI3_IRQHandler
                0x08006164                I2C1_ER_IRQHandler
                0x08006164                FMC_IRQHandler
                0x08006164                USBWakeUp_IRQHandler
                0x08006164                DMA2_Channel3_IRQHandler
                0x08006164                EXTI2_TSC_IRQHandler
                0x08006164                TIM1_BRK_TIM15_IRQHandler
 *fill*         0x08006166        0x2 
 .text.malloc   0x08006168       0x10 D:/programy/stm/STM32CubeMX/STM32CubeCLT_1.16.0/STM32CubeCLT_1.16.0/GNU-tools-for-STM32/bin/../lib/gcc/arm-none-eabi/12.3.1/../../../../arm-none-eabi/lib/thumb/v7e-m+fp/hard\libg_nano.a(libc_a-malloc.o)
                0x08006168                malloc
 .text.__errno  0x08006178        0xc D:/programy/stm/STM32CubeMX/STM32CubeCLT_1.16.0/STM32CubeCLT_1.16.0/GNU-tools-for-STM32/bin/../lib/gcc/arm-none-eabi/12.3.1/../../../../arm-none-eabi/lib/thumb/v7e-m+fp/hard\libg_nano.a(libc_a-errno.o)
                0x08006178                __errno
 *(.glue_7)
 .glue_7        0x08006184        0x0 linker stubs
 *(.glue_7t)
 .glue_7t       0x08006184        0x0 linker stubs
 *(.eh_frame)
 .eh_frame      0x08006184        0x0 D:/programy/stm/STM32CubeMX/STM32CubeCLT_1.16.0/STM32CubeCLT_1.16.0/GNU-tools-for-STM32/bin/../lib/gcc/arm-none-eabi/12.3.1/thumb/v7e-m+fp/hard/crtbegin.o
 *(.init)
 .init          0x08006184        0x4 D:/programy/stm/STM32CubeMX/STM32CubeCLT_1.16.0/STM32CubeCLT_1.16.0/GNU-tools-for-STM32/bin/../lib/gcc/arm-none-eabi/12.3.1/thumb/v7e-m+fp/hard/crti.o
                0x08006184                _init
 .init          0x08006188        0x8 D:/programy/stm/STM32CubeMX/STM32CubeCLT_1.16.0/STM32CubeCLT_1.16.0/GNU-tools-for-STM32/bin/../lib/gcc/arm-none-eabi/12.3.1/thumb/v7e-m+fp/hard/crtn.o
 *(.fini)
 .fini          0x08006190        0x4 D:/programy/stm/STM32CubeMX/STM32CubeCLT_1.16.0/STM32CubeCLT_1.16.0/GNU-tools-for-STM32/bin/../lib/gcc/arm-none-eabi/12.3.1/thumb/v7e-m+fp/hard/crti.o
                0x08006190                _fini
 .fini          0x08006194        0x8 D:/programy/stm/STM32CubeMX/STM32CubeCLT_1.16.0/STM32CubeCLT_1.16.0/GNU-tools-for-STM32/bin/../lib/gcc/arm-none-eabi/12.3.1/thumb/v7e-m+fp/hard/crtn.o
                0x0800619c                        . = ALIGN (0x4)
                0x0800619c                        _etext = .

.vfp11_veneer   0x0800619c        0x0
 .vfp11_veneer  0x0800619c        0x0 linker stubs

.v4_bx          0x0800619c        0x0
 .v4_bx         0x0800619c        0x0 linker stubs

.iplt           0x0800619c        0x0
 .iplt          0x0800619c        0x0 D:/programy/stm/STM32CubeMX/STM32CubeCLT_1.16.0/STM32CubeCLT_1.16.0/GNU-tools-for-STM32/bin/../lib/gcc/arm-none-eabi/12.3.1/thumb/v7e-m+fp/hard/crtbegin.o

.rodata         0x0800619c      0x554
                0x0800619c                        . = ALIGN (0x4)
 *(.rodata)
 .rodata        0x0800619c        0xa CMakeFiles/Home_sys.dir/Core/Src/main.c.obj
 *(.rodata*)
 *fill*         0x080061a6        0x2 
 .rodata.premask.1
                0x080061a8        0x8 CMakeFiles/Home_sys.dir/Core/Src/SSD1306.c.obj
 .rodata.postmask.0
                0x080061b0        0x8 CMakeFiles/Home_sys.dir/Core/Src/SSD1306.c.obj
 .rodata.font   0x080061b8      0x500 CMakeFiles/Home_sys.dir/Core/Src/GFX.c.obj
 .rodata.aPLLMULFactorTable
                0x080066b8       0x10 CMakeFiles/Home_sys.dir/Drivers/STM32F3xx_HAL_Driver/Src/stm32f3xx_hal_rcc.c.obj
 .rodata.aPredivFactorTable
                0x080066c8       0x10 CMakeFiles/Home_sys.dir/Drivers/STM32F3xx_HAL_Driver/Src/stm32f3xx_hal_rcc.c.obj
 .rodata.AHBPrescTable
                0x080066d8       0x10 CMakeFiles/Home_sys.dir/Core/Src/system_stm32f3xx.c.obj
                0x080066d8                AHBPrescTable
 .rodata.APBPrescTable
                0x080066e8        0x8 CMakeFiles/Home_sys.dir/Core/Src/system_stm32f3xx.c.obj
                0x080066e8                APBPrescTable
                0x080066f0                        . = ALIGN (0x4)

.ARM.extab      0x080066f0        0x0
                0x080066f0                        . = ALIGN (0x4)
 *(.ARM.extab* .gnu.linkonce.armextab.*)
                0x080066f0                        . = ALIGN (0x4)

.ARM            0x080066f0        0x0
                0x080066f0                        . = ALIGN (0x4)
                0x080066f0                        __exidx_start = .
 *(.ARM.exidx*)
                0x080066f0                        __exidx_end = .
                0x080066f0                        . = ALIGN (0x4)

.preinit_array  0x080066f0        0x0
                0x080066f0                        . = ALIGN (0x4)
                0x080066f0                        PROVIDE (__preinit_array_start = .)
 *(.preinit_array*)
                0x080066f0                        PROVIDE (__preinit_array_end = .)
                0x080066f0                        . = ALIGN (0x4)

.init_array     0x080066f0        0x4
                0x080066f0                        . = ALIGN (0x4)
                0x080066f0                        PROVIDE (__init_array_start = .)
 *(SORT_BY_NAME(.init_array.*))
 *(.init_array*)
 .init_array    0x080066f0        0x4 D:/programy/stm/STM32CubeMX/STM32CubeCLT_1.16.0/STM32CubeCLT_1.16.0/GNU-tools-for-STM32/bin/../lib/gcc/arm-none-eabi/12.3.1/thumb/v7e-m+fp/hard/crtbegin.o
                0x080066f4                        PROVIDE (__init_array_end = .)
                0x080066f4                        . = ALIGN (0x4)

.fini_array     0x080066f4        0x4
                0x080066f4                        . = ALIGN (0x4)
                [!provide]                        PROVIDE (__fini_array_start = .)
 *(SORT_BY_NAME(.fini_array.*))
 *(.fini_array*)
 .fini_array    0x080066f4        0x4 D:/programy/stm/STM32CubeMX/STM32CubeCLT_1.16.0/STM32CubeCLT_1.16.0/GNU-tools-for-STM32/bin/../lib/gcc/arm-none-eabi/12.3.1/thumb/v7e-m+fp/hard/crtbegin.o
                [!provide]                        PROVIDE (__fini_array_end = .)
                0x080066f8                        . = ALIGN (0x4)
                0x080066f8                        _sidata = LOADADDR (.data)

.rel.dyn        0x080066f8        0x0
 .rel.iplt      0x080066f8        0x0 D:/programy/stm/STM32CubeMX/STM32CubeCLT_1.16.0/STM32CubeCLT_1.16.0/GNU-tools-for-STM32/bin/../lib/gcc/arm-none-eabi/12.3.1/thumb/v7e-m+fp/hard/crtbegin.o

.data           0x20000000       0x5c load address 0x080066f8
                0x20000000                        . = ALIGN (0x4)
                0x20000000                        _sdata = .
 *(.data)
 *(.data*)
 .data._impure_ptr
                0x20000000        0x4 D:/programy/stm/STM32CubeMX/STM32CubeCLT_1.16.0/STM32CubeCLT_1.16.0/GNU-tools-for-STM32/bin/../lib/gcc/arm-none-eabi/12.3.1/../../../../arm-none-eabi/lib/thumb/v7e-m+fp/hard\libc_nano.a(libc_a-impure.o)
                0x20000000                _impure_ptr
 .data._impure_data
                0x20000004       0x4c D:/programy/stm/STM32CubeMX/STM32CubeCLT_1.16.0/STM32CubeCLT_1.16.0/GNU-tools-for-STM32/bin/../lib/gcc/arm-none-eabi/12.3.1/../../../../arm-none-eabi/lib/thumb/v7e-m+fp/hard\libc_nano.a(libc_a-impure.o)
                0x20000004                _impure_data
 .data.uwTickPrio
                0x20000050        0x4 CMakeFiles/Home_sys.dir/Drivers/STM32F3xx_HAL_Driver/Src/stm32f3xx_hal.c.obj
                0x20000050                uwTickPrio
 .data.uwTickFreq
                0x20000054        0x1 CMakeFiles/Home_sys.dir/Drivers/STM32F3xx_HAL_Driver/Src/stm32f3xx_hal.c.obj
                0x20000054                uwTickFreq
 *fill*         0x20000055        0x3 
 .data.SystemCoreClock
                0x20000058        0x4 CMakeFiles/Home_sys.dir/Core/Src/system_stm32f3xx.c.obj
                0x20000058                SystemCoreClock
 *(.RamFunc)
 *(.RamFunc*)
                0x2000005c                        . = ALIGN (0x4)
                0x2000005c                        _edata = .
                0x08006754                        _siccmram = LOADADDR (.ccmram)

.igot.plt       0x2000005c        0x0 load address 0x08006754
 .igot.plt      0x2000005c        0x0 D:/programy/stm/STM32CubeMX/STM32CubeCLT_1.16.0/STM32CubeCLT_1.16.0/GNU-tools-for-STM32/bin/../lib/gcc/arm-none-eabi/12.3.1/thumb/v7e-m+fp/hard/crtbegin.o

.ccmram         0x10000000        0x0 load address 0x08006754
                0x10000000                        . = ALIGN (0x4)
                0x10000000                        _sccmram = .
 *(.ccmram)
 *(.ccmram*)
                0x10000000                        . = ALIGN (0x4)
                0x10000000                        _eccmram = .
                0x10000000                        . = ALIGN (0x4)

.bss            0x2000005c      0x294
                0x2000005c                        _sbss = .
                0x2000005c                        __bss_start__ = _sbss
 *(.bss)
 .bss           0x2000005c       0x1c D:/programy/stm/STM32CubeMX/STM32CubeCLT_1.16.0/STM32CubeCLT_1.16.0/GNU-tools-for-STM32/bin/../lib/gcc/arm-none-eabi/12.3.1/thumb/v7e-m+fp/hard/crtbegin.o
 *(.bss*)
 .bss.__sf      0x20000078      0x138 D:/programy/stm/STM32CubeMX/STM32CubeCLT_1.16.0/STM32CubeCLT_1.16.0/GNU-tools-for-STM32/bin/../lib/gcc/arm-none-eabi/12.3.1/../../../../arm-none-eabi/lib/thumb/v7e-m+fp/hard\libc_nano.a(libc_a-findfp.o)
                0x20000078                __sf
 .bss.errno     0x200001b0        0x4 D:/programy/stm/STM32CubeMX/STM32CubeCLT_1.16.0/STM32CubeCLT_1.16.0/GNU-tools-for-STM32/bin/../lib/gcc/arm-none-eabi/12.3.1/../../../../arm-none-eabi/lib/thumb/v7e-m+fp/hard\libc_nano.a(libc_a-reent.o)
                0x200001b0                errno
 .bss.__lock___malloc_recursive_mutex
                0x200001b4        0x1 D:/programy/stm/STM32CubeMX/STM32CubeCLT_1.16.0/STM32CubeCLT_1.16.0/GNU-tools-for-STM32/bin/../lib/gcc/arm-none-eabi/12.3.1/../../../../arm-none-eabi/lib/thumb/v7e-m+fp/hard\libc_nano.a(libc_a-lock.o)
                0x200001b4                __lock___malloc_recursive_mutex
 *fill*         0x200001b5        0x3 
 .bss.__malloc_sbrk_start
                0x200001b8        0x4 D:/programy/stm/STM32CubeMX/STM32CubeCLT_1.16.0/STM32CubeCLT_1.16.0/GNU-tools-for-STM32/bin/../lib/gcc/arm-none-eabi/12.3.1/../../../../arm-none-eabi/lib/thumb/v7e-m+fp/hard\libc_nano.a(libc_a-mallocr.o)
                0x200001b8                __malloc_sbrk_start
 .bss.__malloc_free_list
                0x200001bc        0x4 D:/programy/stm/STM32CubeMX/STM32CubeCLT_1.16.0/STM32CubeCLT_1.16.0/GNU-tools-for-STM32/bin/../lib/gcc/arm-none-eabi/12.3.1/../../../../arm-none-eabi/lib/thumb/v7e-m+fp/hard\libc_nano.a(libc_a-mallocr.o)
                0x200001bc                __malloc_free_list
 .bss.hi2c1     0x200001c0       0x54 CMakeFiles/Home_sys.dir/Core/Src/i2c.c.obj
                0x200001c0                hi2c1
 .bss.hdma_i2c1_tx
                0x20000214       0x44 CMakeFiles/Home_sys.dir/Core/Src/i2c.c.obj
                0x20000214                hdma_i2c1_tx
 .bss.buffer    0x20000258        0x4 CMakeFiles/Home_sys.dir/Core/Src/SSD1306.c.obj
 .bss.rotation  0x2000025c        0x1 CMakeFiles/Home_sys.dir/Core/Src/SSD1306.c.obj
 *fill*         0x2000025d        0x3 
 .bss.huart2    0x20000260       0x88 CMakeFiles/Home_sys.dir/Core/Src/usart.c.obj
                0x20000260                huart2
 .bss.uwTick    0x200002e8        0x4 CMakeFiles/Home_sys.dir/Drivers/STM32F3xx_HAL_Driver/Src/stm32f3xx_hal.c.obj
                0x200002e8                uwTick
 .bss.__sbrk_heap_end
                0x200002ec        0x4 CMakeFiles/Home_sys.dir/Core/Src/sysmem.c.obj
 *(COMMON)
                0x200002f0                        . = ALIGN (0x4)
                0x200002f0                        _ebss = .
                0x200002f0                        __bss_end__ = _ebss

._user_heap_stack
                0x200002f0      0x600
                0x200002f0                        . = ALIGN (0x8)
                [!provide]                        PROVIDE (end = .)
                0x200002f0                        PROVIDE (_end = .)
                0x200004f0                        . = (. + _Min_Heap_Size)
 *fill*         0x200002f0      0x200 
                0x200008f0                        . = (. + _Min_Stack_Size)
 *fill*         0x200004f0      0x400 
                0x200008f0                        . = ALIGN (0x8)

/DISCARD/
 libc.a(*)
 libm.a(*)
 libgcc.a(*)

.ARM.attributes
                0x00000000       0x30
 *(.ARM.attributes)
 .ARM.attributes
                0x00000000       0x22 D:/programy/stm/STM32CubeMX/STM32CubeCLT_1.16.0/STM32CubeCLT_1.16.0/GNU-tools-for-STM32/bin/../lib/gcc/arm-none-eabi/12.3.1/thumb/v7e-m+fp/hard/crti.o
 .ARM.attributes
                0x00000022       0x34 D:/programy/stm/STM32CubeMX/STM32CubeCLT_1.16.0/STM32CubeCLT_1.16.0/GNU-tools-for-STM32/bin/../lib/gcc/arm-none-eabi/12.3.1/thumb/v7e-m+fp/hard/crtbegin.o
 .ARM.attributes
                0x00000056       0x34 D:/programy/stm/STM32CubeMX/STM32CubeCLT_1.16.0/STM32CubeCLT_1.16.0/GNU-tools-for-STM32/bin/../lib/gcc/arm-none-eabi/12.3.1/../../../../arm-none-eabi/lib/thumb/v7e-m+fp/hard\libc_nano.a(libc_a-findfp.o)
 .ARM.attributes
                0x0000008a       0x34 D:/programy/stm/STM32CubeMX/STM32CubeCLT_1.16.0/STM32CubeCLT_1.16.0/GNU-tools-for-STM32/bin/../lib/gcc/arm-none-eabi/12.3.1/../../../../arm-none-eabi/lib/thumb/v7e-m+fp/hard\libc_nano.a(libc_a-memset.o)
 .ARM.attributes
                0x000000be       0x34 D:/programy/stm/STM32CubeMX/STM32CubeCLT_1.16.0/STM32CubeCLT_1.16.0/GNU-tools-for-STM32/bin/../lib/gcc/arm-none-eabi/12.3.1/../../../../arm-none-eabi/lib/thumb/v7e-m+fp/hard\libc_nano.a(libc_a-reent.o)
 .ARM.attributes
                0x000000f2       0x34 D:/programy/stm/STM32CubeMX/STM32CubeCLT_1.16.0/STM32CubeCLT_1.16.0/GNU-tools-for-STM32/bin/../lib/gcc/arm-none-eabi/12.3.1/../../../../arm-none-eabi/lib/thumb/v7e-m+fp/hard\libc_nano.a(libc_a-impure.o)
 .ARM.attributes
                0x00000126       0x34 D:/programy/stm/STM32CubeMX/STM32CubeCLT_1.16.0/STM32CubeCLT_1.16.0/GNU-tools-for-STM32/bin/../lib/gcc/arm-none-eabi/12.3.1/../../../../arm-none-eabi/lib/thumb/v7e-m+fp/hard\libc_nano.a(libc_a-init.o)
 .ARM.attributes
                0x0000015a       0x34 D:/programy/stm/STM32CubeMX/STM32CubeCLT_1.16.0/STM32CubeCLT_1.16.0/GNU-tools-for-STM32/bin/../lib/gcc/arm-none-eabi/12.3.1/../../../../arm-none-eabi/lib/thumb/v7e-m+fp/hard\libc_nano.a(libc_a-lock.o)
 .ARM.attributes
                0x0000018e       0x34 D:/programy/stm/STM32CubeMX/STM32CubeCLT_1.16.0/STM32CubeCLT_1.16.0/GNU-tools-for-STM32/bin/../lib/gcc/arm-none-eabi/12.3.1/../../../../arm-none-eabi/lib/thumb/v7e-m+fp/hard\libc_nano.a(libc_a-mallocr.o)
 .ARM.attributes
                0x000001c2       0x34 D:/programy/stm/STM32CubeMX/STM32CubeCLT_1.16.0/STM32CubeCLT_1.16.0/GNU-tools-for-STM32/bin/../lib/gcc/arm-none-eabi/12.3.1/../../../../arm-none-eabi/lib/thumb/v7e-m+fp/hard\libc_nano.a(libc_a-mlock.o)
 .ARM.attributes
                0x000001f6       0x34 D:/programy/stm/STM32CubeMX/STM32CubeCLT_1.16.0/STM32CubeCLT_1.16.0/GNU-tools-for-STM32/bin/../lib/gcc/arm-none-eabi/12.3.1/../../../../arm-none-eabi/lib/thumb/v7e-m+fp/hard\libc_nano.a(libc_a-sbrkr.o)
 .ARM.attributes
                0x0000022a       0x34 CMakeFiles/Home_sys.dir/Core/Src/main.c.obj
 .ARM.attributes
                0x0000025e       0x34 CMakeFiles/Home_sys.dir/Core/Src/i2c.c.obj
 .ARM.attributes
                0x00000292       0x34 CMakeFiles/Home_sys.dir/Core/Src/dma.c.obj
 .ARM.attributes
                0x000002c6       0x34 CMakeFiles/Home_sys.dir/Core/Src/SSD1306.c.obj
 .ARM.attributes
                0x000002fa       0x34 CMakeFiles/Home_sys.dir/Core/Src/gpio.c.obj
 .ARM.attributes
                0x0000032e       0x34 CMakeFiles/Home_sys.dir/Core/Src/GFX.c.obj
 .ARM.attributes
                0x00000362       0x34 CMakeFiles/Home_sys.dir/Core/Src/usart.c.obj
 .ARM.attributes
                0x00000396       0x34 CMakeFiles/Home_sys.dir/Core/Src/stm32f3xx_it.c.obj
 .ARM.attributes
                0x000003ca       0x34 CMakeFiles/Home_sys.dir/Core/Src/stm32f3xx_hal_msp.c.obj
 .ARM.attributes
                0x000003fe       0x34 CMakeFiles/Home_sys.dir/Drivers/STM32F3xx_HAL_Driver/Src/stm32f3xx_hal_uart.c.obj
 .ARM.attributes
                0x00000432       0x34 CMakeFiles/Home_sys.dir/Drivers/STM32F3xx_HAL_Driver/Src/stm32f3xx_hal.c.obj
 .ARM.attributes
                0x00000466       0x34 CMakeFiles/Home_sys.dir/Drivers/STM32F3xx_HAL_Driver/Src/stm32f3xx_hal_rcc.c.obj
 .ARM.attributes
                0x0000049a       0x34 CMakeFiles/Home_sys.dir/Drivers/STM32F3xx_HAL_Driver/Src/stm32f3xx_hal_rcc_ex.c.obj
 .ARM.attributes
                0x000004ce       0x34 CMakeFiles/Home_sys.dir/Drivers/STM32F3xx_HAL_Driver/Src/stm32f3xx_hal_gpio.c.obj
 .ARM.attributes
                0x00000502       0x34 CMakeFiles/Home_sys.dir/Drivers/STM32F3xx_HAL_Driver/Src/stm32f3xx_hal_dma.c.obj
 .ARM.attributes
                0x00000536       0x34 CMakeFiles/Home_sys.dir/Drivers/STM32F3xx_HAL_Driver/Src/stm32f3xx_hal_cortex.c.obj
 .ARM.attributes
                0x0000056a       0x34 CMakeFiles/Home_sys.dir/Drivers/STM32F3xx_HAL_Driver/Src/stm32f3xx_hal_i2c.c.obj
 .ARM.attributes
                0x0000059e       0x34 CMakeFiles/Home_sys.dir/Drivers/STM32F3xx_HAL_Driver/Src/stm32f3xx_hal_i2c_ex.c.obj
 .ARM.attributes
                0x000005d2       0x34 CMakeFiles/Home_sys.dir/Core/Src/system_stm32f3xx.c.obj
 .ARM.attributes
                0x00000606       0x34 CMakeFiles/Home_sys.dir/Core/Src/sysmem.c.obj
 .ARM.attributes
                0x0000063a       0x21 CMakeFiles/Home_sys.dir/startup_stm32f303xe.s.obj
 .ARM.attributes
                0x0000065b       0x34 D:/programy/stm/STM32CubeMX/STM32CubeCLT_1.16.0/STM32CubeCLT_1.16.0/GNU-tools-for-STM32/bin/../lib/gcc/arm-none-eabi/12.3.1/../../../../arm-none-eabi/lib/thumb/v7e-m+fp/hard\libg_nano.a(libc_a-malloc.o)
 .ARM.attributes
                0x0000068f       0x34 D:/programy/stm/STM32CubeMX/STM32CubeCLT_1.16.0/STM32CubeCLT_1.16.0/GNU-tools-for-STM32/bin/../lib/gcc/arm-none-eabi/12.3.1/../../../../arm-none-eabi/lib/thumb/v7e-m+fp/hard\libg_nano.a(libc_a-errno.o)
 .ARM.attributes
                0x000006c3       0x22 D:/programy/stm/STM32CubeMX/STM32CubeCLT_1.16.0/STM32CubeCLT_1.16.0/GNU-tools-for-STM32/bin/../lib/gcc/arm-none-eabi/12.3.1/thumb/v7e-m+fp/hard/crtn.o
OUTPUT(Home_sys.elf elf32-littlearm)
LOAD linker stubs
LOAD D:/programy/stm/STM32CubeMX/STM32CubeCLT_1.16.0/STM32CubeCLT_1.16.0/GNU-tools-for-STM32/bin/../lib/gcc/arm-none-eabi/12.3.1/../../../../arm-none-eabi/lib/thumb/v7e-m+fp/hard\libc.a
LOAD D:/programy/stm/STM32CubeMX/STM32CubeCLT_1.16.0/STM32CubeCLT_1.16.0/GNU-tools-for-STM32/bin/../lib/gcc/arm-none-eabi/12.3.1/../../../../arm-none-eabi/lib/thumb/v7e-m+fp/hard\libm.a
LOAD D:/programy/stm/STM32CubeMX/STM32CubeCLT_1.16.0/STM32CubeCLT_1.16.0/GNU-tools-for-STM32/bin/../lib/gcc/arm-none-eabi/12.3.1/thumb/v7e-m+fp/hard\libgcc.a

.debug_frame    0x00000000     0x3058
 .debug_frame   0x00000000      0x144 D:/programy/stm/STM32CubeMX/STM32CubeCLT_1.16.0/STM32CubeCLT_1.16.0/GNU-tools-for-STM32/bin/../lib/gcc/arm-none-eabi/12.3.1/../../../../arm-none-eabi/lib/thumb/v7e-m+fp/hard\libc_nano.a(libc_a-findfp.o)
 .debug_frame   0x00000144       0x20 D:/programy/stm/STM32CubeMX/STM32CubeCLT_1.16.0/STM32CubeCLT_1.16.0/GNU-tools-for-STM32/bin/../lib/gcc/arm-none-eabi/12.3.1/../../../../arm-none-eabi/lib/thumb/v7e-m+fp/hard\libc_nano.a(libc_a-memset.o)
 .debug_frame   0x00000164       0x38 D:/programy/stm/STM32CubeMX/STM32CubeCLT_1.16.0/STM32CubeCLT_1.16.0/GNU-tools-for-STM32/bin/../lib/gcc/arm-none-eabi/12.3.1/../../../../arm-none-eabi/lib/thumb/v7e-m+fp/hard\libc_nano.a(libc_a-reent.o)
 .debug_frame   0x0000019c       0x2c D:/programy/stm/STM32CubeMX/STM32CubeCLT_1.16.0/STM32CubeCLT_1.16.0/GNU-tools-for-STM32/bin/../lib/gcc/arm-none-eabi/12.3.1/../../../../arm-none-eabi/lib/thumb/v7e-m+fp/hard\libc_nano.a(libc_a-init.o)
 .debug_frame   0x000001c8       0xb0 D:/programy/stm/STM32CubeMX/STM32CubeCLT_1.16.0/STM32CubeCLT_1.16.0/GNU-tools-for-STM32/bin/../lib/gcc/arm-none-eabi/12.3.1/../../../../arm-none-eabi/lib/thumb/v7e-m+fp/hard\libc_nano.a(libc_a-lock.o)
 .debug_frame   0x00000278       0x50 D:/programy/stm/STM32CubeMX/STM32CubeCLT_1.16.0/STM32CubeCLT_1.16.0/GNU-tools-for-STM32/bin/../lib/gcc/arm-none-eabi/12.3.1/../../../../arm-none-eabi/lib/thumb/v7e-m+fp/hard\libc_nano.a(libc_a-mallocr.o)
 .debug_frame   0x000002c8       0x30 D:/programy/stm/STM32CubeMX/STM32CubeCLT_1.16.0/STM32CubeCLT_1.16.0/GNU-tools-for-STM32/bin/../lib/gcc/arm-none-eabi/12.3.1/../../../../arm-none-eabi/lib/thumb/v7e-m+fp/hard\libc_nano.a(libc_a-mlock.o)
 .debug_frame   0x000002f8       0x2c D:/programy/stm/STM32CubeMX/STM32CubeCLT_1.16.0/STM32CubeCLT_1.16.0/GNU-tools-for-STM32/bin/../lib/gcc/arm-none-eabi/12.3.1/../../../../arm-none-eabi/lib/thumb/v7e-m+fp/hard\libc_nano.a(libc_a-sbrkr.o)
 .debug_frame   0x00000324       0x70 CMakeFiles/Home_sys.dir/Core/Src/main.c.obj
 .debug_frame   0x00000394       0x74 CMakeFiles/Home_sys.dir/Core/Src/i2c.c.obj
 .debug_frame   0x00000408       0x34 CMakeFiles/Home_sys.dir/Core/Src/dma.c.obj
 .debug_frame   0x0000043c      0x330 CMakeFiles/Home_sys.dir/Core/Src/SSD1306.c.obj
 .debug_frame   0x0000076c       0x34 CMakeFiles/Home_sys.dir/Core/Src/gpio.c.obj
 .debug_frame   0x000007a0       0x88 CMakeFiles/Home_sys.dir/Core/Src/GFX.c.obj
 .debug_frame   0x00000828       0x74 CMakeFiles/Home_sys.dir/Core/Src/usart.c.obj
 .debug_frame   0x0000089c      0x13c CMakeFiles/Home_sys.dir/Core/Src/stm32f3xx_it.c.obj
 .debug_frame   0x000009d8       0x34 CMakeFiles/Home_sys.dir/Core/Src/stm32f3xx_hal_msp.c.obj
 .debug_frame   0x00000a0c      0x9e8 CMakeFiles/Home_sys.dir/Drivers/STM32F3xx_HAL_Driver/Src/stm32f3xx_hal_uart.c.obj
 .debug_frame   0x000013f4      0x334 CMakeFiles/Home_sys.dir/Drivers/STM32F3xx_HAL_Driver/Src/stm32f3xx_hal.c.obj
 .debug_frame   0x00001728      0x214 CMakeFiles/Home_sys.dir/Drivers/STM32F3xx_HAL_Driver/Src/stm32f3xx_hal_rcc.c.obj
 .debug_frame   0x0000193c       0xb0 CMakeFiles/Home_sys.dir/Drivers/STM32F3xx_HAL_Driver/Src/stm32f3xx_hal_rcc_ex.c.obj
 .debug_frame   0x000019ec      0x14c CMakeFiles/Home_sys.dir/Drivers/STM32F3xx_HAL_Driver/Src/stm32f3xx_hal_gpio.c.obj
 .debug_frame   0x00001b38      0x224 CMakeFiles/Home_sys.dir/Drivers/STM32F3xx_HAL_Driver/Src/stm32f3xx_hal_dma.c.obj
 .debug_frame   0x00001d5c      0x4e8 CMakeFiles/Home_sys.dir/Drivers/STM32F3xx_HAL_Driver/Src/stm32f3xx_hal_cortex.c.obj
 .debug_frame   0x00002244      0xc38 CMakeFiles/Home_sys.dir/Drivers/STM32F3xx_HAL_Driver/Src/stm32f3xx_hal_i2c.c.obj
 .debug_frame   0x00002e7c      0x100 CMakeFiles/Home_sys.dir/Drivers/STM32F3xx_HAL_Driver/Src/stm32f3xx_hal_i2c_ex.c.obj
 .debug_frame   0x00002f7c       0x58 CMakeFiles/Home_sys.dir/Core/Src/system_stm32f3xx.c.obj
 .debug_frame   0x00002fd4       0x34 CMakeFiles/Home_sys.dir/Core/Src/sysmem.c.obj
 .debug_frame   0x00003008       0x30 D:/programy/stm/STM32CubeMX/STM32CubeCLT_1.16.0/STM32CubeCLT_1.16.0/GNU-tools-for-STM32/bin/../lib/gcc/arm-none-eabi/12.3.1/../../../../arm-none-eabi/lib/thumb/v7e-m+fp/hard\libg_nano.a(libc_a-malloc.o)
 .debug_frame   0x00003038       0x20 D:/programy/stm/STM32CubeMX/STM32CubeCLT_1.16.0/STM32CubeCLT_1.16.0/GNU-tools-for-STM32/bin/../lib/gcc/arm-none-eabi/12.3.1/../../../../arm-none-eabi/lib/thumb/v7e-m+fp/hard\libg_nano.a(libc_a-errno.o)

.debug_info     0x00000000     0xec98
 .debug_info    0x00000000      0x555 CMakeFiles/Home_sys.dir/Core/Src/main.c.obj
 .debug_info    0x00000555      0xb48 CMakeFiles/Home_sys.dir/Core/Src/i2c.c.obj
 .debug_info    0x0000109d      0x3ad CMakeFiles/Home_sys.dir/Core/Src/dma.c.obj
 .debug_info    0x0000144a      0xc1f CMakeFiles/Home_sys.dir/Core/Src/SSD1306.c.obj
 .debug_info    0x00002069      0x33d CMakeFiles/Home_sys.dir/Core/Src/gpio.c.obj
 .debug_info    0x000023a6      0x2c8 CMakeFiles/Home_sys.dir/Core/Src/GFX.c.obj
 .debug_info    0x0000266e      0x91d CMakeFiles/Home_sys.dir/Core/Src/usart.c.obj
 .debug_info    0x00002f8b      0x6c0 CMakeFiles/Home_sys.dir/Core/Src/stm32f3xx_it.c.obj
 .debug_info    0x0000364b      0x1a0 CMakeFiles/Home_sys.dir/Core/Src/stm32f3xx_hal_msp.c.obj
 .debug_info    0x000037eb     0x39a8 CMakeFiles/Home_sys.dir/Drivers/STM32F3xx_HAL_Driver/Src/stm32f3xx_hal_uart.c.obj
 .debug_info    0x00007193      0x804 CMakeFiles/Home_sys.dir/Drivers/STM32F3xx_HAL_Driver/Src/stm32f3xx_hal.c.obj
 .debug_info    0x00007997     0x149a CMakeFiles/Home_sys.dir/Drivers/STM32F3xx_HAL_Driver/Src/stm32f3xx_hal_rcc.c.obj
 .debug_info    0x00008e31      0x61b CMakeFiles/Home_sys.dir/Drivers/STM32F3xx_HAL_Driver/Src/stm32f3xx_hal_rcc_ex.c.obj
 .debug_info    0x0000944c      0x6a6 CMakeFiles/Home_sys.dir/Drivers/STM32F3xx_HAL_Driver/Src/stm32f3xx_hal_gpio.c.obj
 .debug_info    0x00009af2      0x6e1 CMakeFiles/Home_sys.dir/Drivers/STM32F3xx_HAL_Driver/Src/stm32f3xx_hal_dma.c.obj
 .debug_info    0x0000a1d3      0xd14 CMakeFiles/Home_sys.dir/Drivers/STM32F3xx_HAL_Driver/Src/stm32f3xx_hal_cortex.c.obj
 .debug_info    0x0000aee7     0x20c3 CMakeFiles/Home_sys.dir/Drivers/STM32F3xx_HAL_Driver/Src/stm32f3xx_hal_i2c.c.obj
 .debug_info    0x0000cfaa      0x8c0 CMakeFiles/Home_sys.dir/Drivers/STM32F3xx_HAL_Driver/Src/stm32f3xx_hal_i2c_ex.c.obj
 .debug_info    0x0000d86a      0x407 CMakeFiles/Home_sys.dir/Core/Src/system_stm32f3xx.c.obj
 .debug_info    0x0000dc71      0x168 CMakeFiles/Home_sys.dir/Core/Src/sysmem.c.obj
 .debug_info    0x0000ddd9       0x30 CMakeFiles/Home_sys.dir/startup_stm32f303xe.s.obj
 .debug_info    0x0000de09      0x794 D:/programy/stm/STM32CubeMX/STM32CubeCLT_1.16.0/STM32CubeCLT_1.16.0/GNU-tools-for-STM32/bin/../lib/gcc/arm-none-eabi/12.3.1/../../../../arm-none-eabi/lib/thumb/v7e-m+fp/hard\libg_nano.a(libc_a-malloc.o)
 .debug_info    0x0000e59d      0x6fb D:/programy/stm/STM32CubeMX/STM32CubeCLT_1.16.0/STM32CubeCLT_1.16.0/GNU-tools-for-STM32/bin/../lib/gcc/arm-none-eabi/12.3.1/../../../../arm-none-eabi/lib/thumb/v7e-m+fp/hard\libg_nano.a(libc_a-errno.o)

.debug_abbrev   0x00000000     0x2954
 .debug_abbrev  0x00000000      0x21e CMakeFiles/Home_sys.dir/Core/Src/main.c.obj
 .debug_abbrev  0x0000021e      0x22e CMakeFiles/Home_sys.dir/Core/Src/i2c.c.obj
 .debug_abbrev  0x0000044c       0xfc CMakeFiles/Home_sys.dir/Core/Src/dma.c.obj
 .debug_abbrev  0x00000548      0x322 CMakeFiles/Home_sys.dir/Core/Src/SSD1306.c.obj
 .debug_abbrev  0x0000086a      0x151 CMakeFiles/Home_sys.dir/Core/Src/gpio.c.obj
 .debug_abbrev  0x000009bb      0x101 CMakeFiles/Home_sys.dir/Core/Src/GFX.c.obj
 .debug_abbrev  0x00000abc      0x1f5 CMakeFiles/Home_sys.dir/Core/Src/usart.c.obj
 .debug_abbrev  0x00000cb1      0x17c CMakeFiles/Home_sys.dir/Core/Src/stm32f3xx_it.c.obj
 .debug_abbrev  0x00000e2d       0xe2 CMakeFiles/Home_sys.dir/Core/Src/stm32f3xx_hal_msp.c.obj
 .debug_abbrev  0x00000f0f      0x2d1 CMakeFiles/Home_sys.dir/Drivers/STM32F3xx_HAL_Driver/Src/stm32f3xx_hal_uart.c.obj
 .debug_abbrev  0x000011e0      0x215 CMakeFiles/Home_sys.dir/Drivers/STM32F3xx_HAL_Driver/Src/stm32f3xx_hal.c.obj
 .debug_abbrev  0x000013f5      0x300 CMakeFiles/Home_sys.dir/Drivers/STM32F3xx_HAL_Driver/Src/stm32f3xx_hal_rcc.c.obj
 .debug_abbrev  0x000016f5      0x221 CMakeFiles/Home_sys.dir/Drivers/STM32F3xx_HAL_Driver/Src/stm32f3xx_hal_rcc_ex.c.obj
 .debug_abbrev  0x00001916      0x1ca CMakeFiles/Home_sys.dir/Drivers/STM32F3xx_HAL_Driver/Src/stm32f3xx_hal_gpio.c.obj
 .debug_abbrev  0x00001ae0      0x20d CMakeFiles/Home_sys.dir/Drivers/STM32F3xx_HAL_Driver/Src/stm32f3xx_hal_dma.c.obj
 .debug_abbrev  0x00001ced      0x31e CMakeFiles/Home_sys.dir/Drivers/STM32F3xx_HAL_Driver/Src/stm32f3xx_hal_cortex.c.obj
 .debug_abbrev  0x0000200b      0x260 CMakeFiles/Home_sys.dir/Drivers/STM32F3xx_HAL_Driver/Src/stm32f3xx_hal_i2c.c.obj
 .debug_abbrev  0x0000226b      0x1c2 CMakeFiles/Home_sys.dir/Drivers/STM32F3xx_HAL_Driver/Src/stm32f3xx_hal_i2c_ex.c.obj
 .debug_abbrev  0x0000242d      0x11a CMakeFiles/Home_sys.dir/Core/Src/system_stm32f3xx.c.obj
 .debug_abbrev  0x00002547       0xbc CMakeFiles/Home_sys.dir/Core/Src/sysmem.c.obj
 .debug_abbrev  0x00002603       0x24 CMakeFiles/Home_sys.dir/startup_stm32f303xe.s.obj
 .debug_abbrev  0x00002627      0x1cf D:/programy/stm/STM32CubeMX/STM32CubeCLT_1.16.0/STM32CubeCLT_1.16.0/GNU-tools-for-STM32/bin/../lib/gcc/arm-none-eabi/12.3.1/../../../../arm-none-eabi/lib/thumb/v7e-m+fp/hard\libg_nano.a(libc_a-malloc.o)
 .debug_abbrev  0x000027f6      0x15e D:/programy/stm/STM32CubeMX/STM32CubeCLT_1.16.0/STM32CubeCLT_1.16.0/GNU-tools-for-STM32/bin/../lib/gcc/arm-none-eabi/12.3.1/../../../../arm-none-eabi/lib/thumb/v7e-m+fp/hard\libg_nano.a(libc_a-errno.o)

.debug_aranges  0x00000000      0xbc8
 .debug_aranges
                0x00000000       0x30 CMakeFiles/Home_sys.dir/Core/Src/main.c.obj
 .debug_aranges
                0x00000030       0x30 CMakeFiles/Home_sys.dir/Core/Src/i2c.c.obj
 .debug_aranges
                0x00000060       0x20 CMakeFiles/Home_sys.dir/Core/Src/dma.c.obj
 .debug_aranges
                0x00000080       0xc8 CMakeFiles/Home_sys.dir/Core/Src/SSD1306.c.obj
 .debug_aranges
                0x00000148       0x20 CMakeFiles/Home_sys.dir/Core/Src/gpio.c.obj
 .debug_aranges
                0x00000168       0x30 CMakeFiles/Home_sys.dir/Core/Src/GFX.c.obj
 .debug_aranges
                0x00000198       0x30 CMakeFiles/Home_sys.dir/Core/Src/usart.c.obj
 .debug_aranges
                0x000001c8       0x70 CMakeFiles/Home_sys.dir/Core/Src/stm32f3xx_it.c.obj
 .debug_aranges
                0x00000238       0x20 CMakeFiles/Home_sys.dir/Core/Src/stm32f3xx_hal_msp.c.obj
 .debug_aranges
                0x00000258      0x228 CMakeFiles/Home_sys.dir/Drivers/STM32F3xx_HAL_Driver/Src/stm32f3xx_hal_uart.c.obj
 .debug_aranges
                0x00000480       0xe0 CMakeFiles/Home_sys.dir/Drivers/STM32F3xx_HAL_Driver/Src/stm32f3xx_hal.c.obj
 .debug_aranges
                0x00000560       0x88 CMakeFiles/Home_sys.dir/Drivers/STM32F3xx_HAL_Driver/Src/stm32f3xx_hal_rcc.c.obj
 .debug_aranges
                0x000005e8       0x38 CMakeFiles/Home_sys.dir/Drivers/STM32F3xx_HAL_Driver/Src/stm32f3xx_hal_rcc_ex.c.obj
 .debug_aranges
                0x00000620       0x58 CMakeFiles/Home_sys.dir/Drivers/STM32F3xx_HAL_Driver/Src/stm32f3xx_hal_gpio.c.obj
 .debug_aranges
                0x00000678       0x88 CMakeFiles/Home_sys.dir/Drivers/STM32F3xx_HAL_Driver/Src/stm32f3xx_hal_dma.c.obj
 .debug_aranges
                0x00000700      0x128 CMakeFiles/Home_sys.dir/Drivers/STM32F3xx_HAL_Driver/Src/stm32f3xx_hal_cortex.c.obj
 .debug_aranges
                0x00000828      0x2a0 CMakeFiles/Home_sys.dir/Drivers/STM32F3xx_HAL_Driver/Src/stm32f3xx_hal_i2c.c.obj
 .debug_aranges
                0x00000ac8       0x48 CMakeFiles/Home_sys.dir/Drivers/STM32F3xx_HAL_Driver/Src/stm32f3xx_hal_i2c_ex.c.obj
 .debug_aranges
                0x00000b10       0x28 CMakeFiles/Home_sys.dir/Core/Src/system_stm32f3xx.c.obj
 .debug_aranges
                0x00000b38       0x20 CMakeFiles/Home_sys.dir/Core/Src/sysmem.c.obj
 .debug_aranges
                0x00000b58       0x28 CMakeFiles/Home_sys.dir/startup_stm32f303xe.s.obj
 .debug_aranges
                0x00000b80       0x28 D:/programy/stm/STM32CubeMX/STM32CubeCLT_1.16.0/STM32CubeCLT_1.16.0/GNU-tools-for-STM32/bin/../lib/gcc/arm-none-eabi/12.3.1/../../../../arm-none-eabi/lib/thumb/v7e-m+fp/hard\libg_nano.a(libc_a-malloc.o)
 .debug_aranges
                0x00000ba8       0x20 D:/programy/stm/STM32CubeMX/STM32CubeCLT_1.16.0/STM32CubeCLT_1.16.0/GNU-tools-for-STM32/bin/../lib/gcc/arm-none-eabi/12.3.1/../../../../arm-none-eabi/lib/thumb/v7e-m+fp/hard\libg_nano.a(libc_a-errno.o)

.debug_rnglists
                0x00000000      0x8ff
 .debug_rnglists
                0x00000000       0x20 CMakeFiles/Home_sys.dir/Core/Src/main.c.obj
 .debug_rnglists
                0x00000020       0x21 CMakeFiles/Home_sys.dir/Core/Src/i2c.c.obj
 .debug_rnglists
                0x00000041       0x13 CMakeFiles/Home_sys.dir/Core/Src/dma.c.obj
 .debug_rnglists
                0x00000054       0x98 CMakeFiles/Home_sys.dir/Core/Src/SSD1306.c.obj
 .debug_rnglists
                0x000000ec       0x14 CMakeFiles/Home_sys.dir/Core/Src/gpio.c.obj
 .debug_rnglists
                0x00000100       0x20 CMakeFiles/Home_sys.dir/Core/Src/GFX.c.obj
 .debug_rnglists
                0x00000120       0x20 CMakeFiles/Home_sys.dir/Core/Src/usart.c.obj
 .debug_rnglists
                0x00000140       0x4f CMakeFiles/Home_sys.dir/Core/Src/stm32f3xx_it.c.obj
 .debug_rnglists
                0x0000018f       0x13 CMakeFiles/Home_sys.dir/Core/Src/stm32f3xx_hal_msp.c.obj
 .debug_rnglists
                0x000001a2      0x1da CMakeFiles/Home_sys.dir/Drivers/STM32F3xx_HAL_Driver/Src/stm32f3xx_hal_uart.c.obj
 .debug_rnglists
                0x0000037c       0xa3 CMakeFiles/Home_sys.dir/Drivers/STM32F3xx_HAL_Driver/Src/stm32f3xx_hal.c.obj
 .debug_rnglists
                0x0000041f       0x66 CMakeFiles/Home_sys.dir/Drivers/STM32F3xx_HAL_Driver/Src/stm32f3xx_hal_rcc.c.obj
 .debug_rnglists
                0x00000485       0x29 CMakeFiles/Home_sys.dir/Drivers/STM32F3xx_HAL_Driver/Src/stm32f3xx_hal_rcc_ex.c.obj
 .debug_rnglists
                0x000004ae       0x3f CMakeFiles/Home_sys.dir/Drivers/STM32F3xx_HAL_Driver/Src/stm32f3xx_hal_gpio.c.obj
 .debug_rnglists
                0x000004ed       0x69 CMakeFiles/Home_sys.dir/Drivers/STM32F3xx_HAL_Driver/Src/stm32f3xx_hal_dma.c.obj
 .debug_rnglists
                0x00000556       0xda CMakeFiles/Home_sys.dir/Drivers/STM32F3xx_HAL_Driver/Src/stm32f3xx_hal_cortex.c.obj
 .debug_rnglists
                0x00000630      0x228 CMakeFiles/Home_sys.dir/Drivers/STM32F3xx_HAL_Driver/Src/stm32f3xx_hal_i2c.c.obj
 .debug_rnglists
                0x00000858       0x35 CMakeFiles/Home_sys.dir/Drivers/STM32F3xx_HAL_Driver/Src/stm32f3xx_hal_i2c_ex.c.obj
 .debug_rnglists
                0x0000088d       0x1a CMakeFiles/Home_sys.dir/Core/Src/system_stm32f3xx.c.obj
 .debug_rnglists
                0x000008a7       0x13 CMakeFiles/Home_sys.dir/Core/Src/sysmem.c.obj
 .debug_rnglists
                0x000008ba       0x19 CMakeFiles/Home_sys.dir/startup_stm32f303xe.s.obj
 .debug_rnglists
                0x000008d3       0x19 D:/programy/stm/STM32CubeMX/STM32CubeCLT_1.16.0/STM32CubeCLT_1.16.0/GNU-tools-for-STM32/bin/../lib/gcc/arm-none-eabi/12.3.1/../../../../arm-none-eabi/lib/thumb/v7e-m+fp/hard\libg_nano.a(libc_a-malloc.o)
 .debug_rnglists
                0x000008ec       0x13 D:/programy/stm/STM32CubeMX/STM32CubeCLT_1.16.0/STM32CubeCLT_1.16.0/GNU-tools-for-STM32/bin/../lib/gcc/arm-none-eabi/12.3.1/../../../../arm-none-eabi/lib/thumb/v7e-m+fp/hard\libg_nano.a(libc_a-errno.o)

.debug_macro    0x00000000    0x212c0
 .debug_macro   0x00000000      0x361 CMakeFiles/Home_sys.dir/Core/Src/main.c.obj
 .debug_macro   0x00000361      0xab4 CMakeFiles/Home_sys.dir/Core/Src/main.c.obj
 .debug_macro   0x00000e15      0x151 CMakeFiles/Home_sys.dir/Core/Src/main.c.obj
 .debug_macro   0x00000f66       0x2e CMakeFiles/Home_sys.dir/Core/Src/main.c.obj
 .debug_macro   0x00000f94       0x28 CMakeFiles/Home_sys.dir/Core/Src/main.c.obj
 .debug_macro   0x00000fbc       0x22 CMakeFiles/Home_sys.dir/Core/Src/main.c.obj
 .debug_macro   0x00000fde       0x8e CMakeFiles/Home_sys.dir/Core/Src/main.c.obj
 .debug_macro   0x0000106c       0x51 CMakeFiles/Home_sys.dir/Core/Src/main.c.obj
 .debug_macro   0x000010bd      0x103 CMakeFiles/Home_sys.dir/Core/Src/main.c.obj
 .debug_macro   0x000011c0       0x6a CMakeFiles/Home_sys.dir/Core/Src/main.c.obj
 .debug_macro   0x0000122a      0x1df CMakeFiles/Home_sys.dir/Core/Src/main.c.obj
 .debug_macro   0x00001409       0x1c CMakeFiles/Home_sys.dir/Core/Src/main.c.obj
 .debug_macro   0x00001425       0x22 CMakeFiles/Home_sys.dir/Core/Src/main.c.obj
 .debug_macro   0x00001447       0xd9 CMakeFiles/Home_sys.dir/Core/Src/main.c.obj
 .debug_macro   0x00001520     0x102d CMakeFiles/Home_sys.dir/Core/Src/main.c.obj
 .debug_macro   0x0000254d      0x11f CMakeFiles/Home_sys.dir/Core/Src/main.c.obj
 .debug_macro   0x0000266c    0x1535a CMakeFiles/Home_sys.dir/Core/Src/main.c.obj
 .debug_macro   0x000179c6       0x6d CMakeFiles/Home_sys.dir/Core/Src/main.c.obj
 .debug_macro   0x00017a33     0x3574 CMakeFiles/Home_sys.dir/Core/Src/main.c.obj
 .debug_macro   0x0001afa7      0x189 CMakeFiles/Home_sys.dir/Core/Src/main.c.obj
 .debug_macro   0x0001b130       0x55 CMakeFiles/Home_sys.dir/Core/Src/main.c.obj
 .debug_macro   0x0001b185      0x953 CMakeFiles/Home_sys.dir/Core/Src/main.c.obj
 .debug_macro   0x0001bad8      0x84a CMakeFiles/Home_sys.dir/Core/Src/main.c.obj
 .debug_macro   0x0001c322      0x1b5 CMakeFiles/Home_sys.dir/Core/Src/main.c.obj
 .debug_macro   0x0001c4d7      0x23a CMakeFiles/Home_sys.dir/Core/Src/main.c.obj
 .debug_macro   0x0001c711      0x1ea CMakeFiles/Home_sys.dir/Core/Src/main.c.obj
 .debug_macro   0x0001c8fb      0x1bc CMakeFiles/Home_sys.dir/Core/Src/main.c.obj
 .debug_macro   0x0001cab7       0x30 CMakeFiles/Home_sys.dir/Core/Src/main.c.obj
 .debug_macro   0x0001cae7       0x3c CMakeFiles/Home_sys.dir/Core/Src/main.c.obj
 .debug_macro   0x0001cb23      0x235 CMakeFiles/Home_sys.dir/Core/Src/main.c.obj
 .debug_macro   0x0001cd58       0xc5 CMakeFiles/Home_sys.dir/Core/Src/main.c.obj
 .debug_macro   0x0001ce1d      0x21d CMakeFiles/Home_sys.dir/Core/Src/main.c.obj
 .debug_macro   0x0001d03a      0x22c CMakeFiles/Home_sys.dir/Core/Src/main.c.obj
 .debug_macro   0x0001d266       0x5b CMakeFiles/Home_sys.dir/Core/Src/main.c.obj
 .debug_macro   0x0001d2c1       0xa5 CMakeFiles/Home_sys.dir/Core/Src/main.c.obj
 .debug_macro   0x0001d366       0x81 CMakeFiles/Home_sys.dir/Core/Src/main.c.obj
 .debug_macro   0x0001d3e7       0xd3 CMakeFiles/Home_sys.dir/Core/Src/main.c.obj
 .debug_macro   0x0001d4ba      0x5ba CMakeFiles/Home_sys.dir/Core/Src/main.c.obj
 .debug_macro   0x0001da74       0x44 CMakeFiles/Home_sys.dir/Core/Src/main.c.obj
 .debug_macro   0x0001dab8      0x347 CMakeFiles/Home_sys.dir/Core/Src/main.c.obj
 .debug_macro   0x0001ddff       0x58 CMakeFiles/Home_sys.dir/Core/Src/main.c.obj
 .debug_macro   0x0001de57       0x22 CMakeFiles/Home_sys.dir/Core/Src/main.c.obj
 .debug_macro   0x0001de79       0x58 CMakeFiles/Home_sys.dir/Core/Src/main.c.obj
 .debug_macro   0x0001ded1       0x74 CMakeFiles/Home_sys.dir/Core/Src/main.c.obj
 .debug_macro   0x0001df45       0x2a CMakeFiles/Home_sys.dir/Core/Src/main.c.obj
 .debug_macro   0x0001df6f       0x3c CMakeFiles/Home_sys.dir/Core/Src/main.c.obj
 .debug_macro   0x0001dfab       0x34 CMakeFiles/Home_sys.dir/Core/Src/main.c.obj
 .debug_macro   0x0001dfdf       0x16 CMakeFiles/Home_sys.dir/Core/Src/main.c.obj
 .debug_macro   0x0001dff5       0x35 CMakeFiles/Home_sys.dir/Core/Src/main.c.obj
 .debug_macro   0x0001e02a      0x369 CMakeFiles/Home_sys.dir/Core/Src/main.c.obj
 .debug_macro   0x0001e393       0x10 CMakeFiles/Home_sys.dir/Core/Src/main.c.obj
 .debug_macro   0x0001e3a3       0x16 CMakeFiles/Home_sys.dir/Core/Src/main.c.obj
 .debug_macro   0x0001e3b9       0x43 CMakeFiles/Home_sys.dir/Core/Src/main.c.obj
 .debug_macro   0x0001e3fc       0x34 CMakeFiles/Home_sys.dir/Core/Src/main.c.obj
 .debug_macro   0x0001e430       0x10 CMakeFiles/Home_sys.dir/Core/Src/main.c.obj
 .debug_macro   0x0001e440       0x58 CMakeFiles/Home_sys.dir/Core/Src/main.c.obj
 .debug_macro   0x0001e498      0x1de CMakeFiles/Home_sys.dir/Core/Src/main.c.obj
 .debug_macro   0x0001e676       0x16 CMakeFiles/Home_sys.dir/Core/Src/main.c.obj
 .debug_macro   0x0001e68c       0x16 CMakeFiles/Home_sys.dir/Core/Src/main.c.obj
 .debug_macro   0x0001e6a2      0x170 CMakeFiles/Home_sys.dir/Core/Src/main.c.obj
 .debug_macro   0x0001e812       0x16 CMakeFiles/Home_sys.dir/Core/Src/main.c.obj
 .debug_macro   0x0001e828       0x16 CMakeFiles/Home_sys.dir/Core/Src/main.c.obj
 .debug_macro   0x0001e83e       0x29 CMakeFiles/Home_sys.dir/Core/Src/main.c.obj
 .debug_macro   0x0001e867       0x16 CMakeFiles/Home_sys.dir/Core/Src/main.c.obj
 .debug_macro   0x0001e87d       0x20 CMakeFiles/Home_sys.dir/Core/Src/main.c.obj
 .debug_macro   0x0001e89d      0x118 CMakeFiles/Home_sys.dir/Core/Src/main.c.obj
 .debug_macro   0x0001e9b5       0x10 CMakeFiles/Home_sys.dir/Core/Src/main.c.obj
 .debug_macro   0x0001e9c5      0x1dc CMakeFiles/Home_sys.dir/Core/Src/i2c.c.obj
 .debug_macro   0x0001eba1      0x1dc CMakeFiles/Home_sys.dir/Core/Src/dma.c.obj
 .debug_macro   0x0001ed7d      0x2f1 CMakeFiles/Home_sys.dir/Core/Src/SSD1306.c.obj
 .debug_macro   0x0001f06e      0x11c CMakeFiles/Home_sys.dir/Core/Src/SSD1306.c.obj
 .debug_macro   0x0001f18a       0x94 CMakeFiles/Home_sys.dir/Core/Src/SSD1306.c.obj
 .debug_macro   0x0001f21e       0x4f CMakeFiles/Home_sys.dir/Core/Src/SSD1306.c.obj
 .debug_macro   0x0001f26d      0x1dc CMakeFiles/Home_sys.dir/Core/Src/gpio.c.obj
 .debug_macro   0x0001f449      0x186 CMakeFiles/Home_sys.dir/Core/Src/GFX.c.obj
 .debug_macro   0x0001f5cf      0x1dc CMakeFiles/Home_sys.dir/Core/Src/usart.c.obj
 .debug_macro   0x0001f7ab      0x1dc CMakeFiles/Home_sys.dir/Core/Src/stm32f3xx_it.c.obj
 .debug_macro   0x0001f987      0x1d2 CMakeFiles/Home_sys.dir/Core/Src/stm32f3xx_hal_msp.c.obj
 .debug_macro   0x0001fb59      0x1e0 CMakeFiles/Home_sys.dir/Drivers/STM32F3xx_HAL_Driver/Src/stm32f3xx_hal_uart.c.obj
 .debug_macro   0x0001fd39      0x1e7 CMakeFiles/Home_sys.dir/Drivers/STM32F3xx_HAL_Driver/Src/stm32f3xx_hal.c.obj
 .debug_macro   0x0001ff20      0x1e7 CMakeFiles/Home_sys.dir/Drivers/STM32F3xx_HAL_Driver/Src/stm32f3xx_hal_rcc.c.obj
 .debug_macro   0x00020107      0x1c3 CMakeFiles/Home_sys.dir/Drivers/STM32F3xx_HAL_Driver/Src/stm32f3xx_hal_rcc_ex.c.obj
 .debug_macro   0x000202ca      0x1ca CMakeFiles/Home_sys.dir/Drivers/STM32F3xx_HAL_Driver/Src/stm32f3xx_hal_gpio.c.obj
 .debug_macro   0x00020494      0x1c3 CMakeFiles/Home_sys.dir/Drivers/STM32F3xx_HAL_Driver/Src/stm32f3xx_hal_dma.c.obj
 .debug_macro   0x00020657      0x1c3 CMakeFiles/Home_sys.dir/Drivers/STM32F3xx_HAL_Driver/Src/stm32f3xx_hal_cortex.c.obj
 .debug_macro   0x0002081a      0x28f CMakeFiles/Home_sys.dir/Drivers/STM32F3xx_HAL_Driver/Src/stm32f3xx_hal_i2c.c.obj
 .debug_macro   0x00020aa9      0x1c3 CMakeFiles/Home_sys.dir/Drivers/STM32F3xx_HAL_Driver/Src/stm32f3xx_hal_i2c_ex.c.obj
 .debug_macro   0x00020c6c      0x1c3 CMakeFiles/Home_sys.dir/Core/Src/system_stm32f3xx.c.obj
 .debug_macro   0x00020e2f       0xec CMakeFiles/Home_sys.dir/Core/Src/sysmem.c.obj
 .debug_macro   0x00020f1b       0x10 CMakeFiles/Home_sys.dir/Core/Src/sysmem.c.obj
 .debug_macro   0x00020f2b       0x6e CMakeFiles/Home_sys.dir/Core/Src/sysmem.c.obj
 .debug_macro   0x00020f99       0x94 CMakeFiles/Home_sys.dir/Core/Src/sysmem.c.obj
 .debug_macro   0x0002102d       0x57 CMakeFiles/Home_sys.dir/Core/Src/sysmem.c.obj
 .debug_macro   0x00021084      0x23c CMakeFiles/Home_sys.dir/Core/Src/sysmem.c.obj

.debug_line     0x00000000    0x11e70
 .debug_line    0x00000000      0x8da CMakeFiles/Home_sys.dir/Core/Src/main.c.obj
 .debug_line    0x000008da      0x7bd CMakeFiles/Home_sys.dir/Core/Src/i2c.c.obj
 .debug_line    0x00001097      0x716 CMakeFiles/Home_sys.dir/Core/Src/dma.c.obj
 .debug_line    0x000017ad      0xdda CMakeFiles/Home_sys.dir/Core/Src/SSD1306.c.obj
 .debug_line    0x00002587      0x734 CMakeFiles/Home_sys.dir/Core/Src/gpio.c.obj
 .debug_line    0x00002cbb      0x5bd CMakeFiles/Home_sys.dir/Core/Src/GFX.c.obj
 .debug_line    0x00003278      0x78a CMakeFiles/Home_sys.dir/Core/Src/usart.c.obj
 .debug_line    0x00003a02      0x80d CMakeFiles/Home_sys.dir/Core/Src/stm32f3xx_it.c.obj
 .debug_line    0x0000420f      0x71c CMakeFiles/Home_sys.dir/Core/Src/stm32f3xx_hal_msp.c.obj
 .debug_line    0x0000492b     0x3128 CMakeFiles/Home_sys.dir/Drivers/STM32F3xx_HAL_Driver/Src/stm32f3xx_hal_uart.c.obj
 .debug_line    0x00007a53      0x9cc CMakeFiles/Home_sys.dir/Drivers/STM32F3xx_HAL_Driver/Src/stm32f3xx_hal.c.obj
 .debug_line    0x0000841f     0x1378 CMakeFiles/Home_sys.dir/Drivers/STM32F3xx_HAL_Driver/Src/stm32f3xx_hal_rcc.c.obj
 .debug_line    0x00009797      0xee1 CMakeFiles/Home_sys.dir/Drivers/STM32F3xx_HAL_Driver/Src/stm32f3xx_hal_rcc_ex.c.obj
 .debug_line    0x0000a678      0xb6b CMakeFiles/Home_sys.dir/Drivers/STM32F3xx_HAL_Driver/Src/stm32f3xx_hal_gpio.c.obj
 .debug_line    0x0000b1e3      0xcda CMakeFiles/Home_sys.dir/Drivers/STM32F3xx_HAL_Driver/Src/stm32f3xx_hal_dma.c.obj
 .debug_line    0x0000bebd      0xcb9 CMakeFiles/Home_sys.dir/Drivers/STM32F3xx_HAL_Driver/Src/stm32f3xx_hal_cortex.c.obj
 .debug_line    0x0000cb76     0x3a43 CMakeFiles/Home_sys.dir/Drivers/STM32F3xx_HAL_Driver/Src/stm32f3xx_hal_i2c.c.obj
 .debug_line    0x000105b9      0x938 CMakeFiles/Home_sys.dir/Drivers/STM32F3xx_HAL_Driver/Src/stm32f3xx_hal_i2c_ex.c.obj
 .debug_line    0x00010ef1      0x799 CMakeFiles/Home_sys.dir/Core/Src/system_stm32f3xx.c.obj
 .debug_line    0x0001168a      0x3e6 CMakeFiles/Home_sys.dir/Core/Src/sysmem.c.obj
 .debug_line    0x00011a70       0x7a CMakeFiles/Home_sys.dir/startup_stm32f303xe.s.obj
 .debug_line    0x00011aea      0x201 D:/programy/stm/STM32CubeMX/STM32CubeCLT_1.16.0/STM32CubeCLT_1.16.0/GNU-tools-for-STM32/bin/../lib/gcc/arm-none-eabi/12.3.1/../../../../arm-none-eabi/lib/thumb/v7e-m+fp/hard\libg_nano.a(libc_a-malloc.o)
 .debug_line    0x00011ceb      0x185 D:/programy/stm/STM32CubeMX/STM32CubeCLT_1.16.0/STM32CubeCLT_1.16.0/GNU-tools-for-STM32/bin/../lib/gcc/arm-none-eabi/12.3.1/../../../../arm-none-eabi/lib/thumb/v7e-m+fp/hard\libg_nano.a(libc_a-errno.o)

.debug_str      0x00000000    0xc20d2
 .debug_str     0x00000000    0xbde38 CMakeFiles/Home_sys.dir/Core/Src/main.c.obj
                              0xbe500 (size before relaxing)
 .debug_str     0x000bde38      0x8e4 CMakeFiles/Home_sys.dir/Core/Src/i2c.c.obj
                              0xbb218 (size before relaxing)
 .debug_str     0x000be71c       0x33 CMakeFiles/Home_sys.dir/Core/Src/dma.c.obj
                              0xbac10 (size before relaxing)
 .debug_str     0x000be74f      0x2be CMakeFiles/Home_sys.dir/Core/Src/SSD1306.c.obj
                              0xbdff2 (size before relaxing)
 .debug_str     0x000bea0d       0x70 CMakeFiles/Home_sys.dir/Core/Src/gpio.c.obj
                              0xba80f (size before relaxing)
 .debug_str     0x000bea7d       0x87 CMakeFiles/Home_sys.dir/Core/Src/GFX.c.obj
                               0x730d (size before relaxing)
 .debug_str     0x000beb04      0x28b CMakeFiles/Home_sys.dir/Core/Src/usart.c.obj
                              0xbac97 (size before relaxing)
 .debug_str     0x000bed8f      0x13f CMakeFiles/Home_sys.dir/Core/Src/stm32f3xx_it.c.obj
                              0xbacab (size before relaxing)
 .debug_str     0x000beece       0x6a CMakeFiles/Home_sys.dir/Core/Src/stm32f3xx_hal_msp.c.obj
                              0xba761 (size before relaxing)
 .debug_str     0x000bef38      0x946 CMakeFiles/Home_sys.dir/Drivers/STM32F3xx_HAL_Driver/Src/stm32f3xx_hal_uart.c.obj
                              0xbb3ff (size before relaxing)
 .debug_str     0x000bf87e      0x395 CMakeFiles/Home_sys.dir/Drivers/STM32F3xx_HAL_Driver/Src/stm32f3xx_hal.c.obj
                              0xbaf85 (size before relaxing)
 .debug_str     0x000bfc13      0x2c6 CMakeFiles/Home_sys.dir/Drivers/STM32F3xx_HAL_Driver/Src/stm32f3xx_hal_rcc.c.obj
                              0xbab80 (size before relaxing)
 .debug_str     0x000bfed9       0xe9 CMakeFiles/Home_sys.dir/Drivers/STM32F3xx_HAL_Driver/Src/stm32f3xx_hal_rcc_ex.c.obj
                              0xba9ca (size before relaxing)
 .debug_str     0x000bffc2      0x1c4 CMakeFiles/Home_sys.dir/Drivers/STM32F3xx_HAL_Driver/Src/stm32f3xx_hal_gpio.c.obj
                              0xba8c1 (size before relaxing)
 .debug_str     0x000c0186      0x1f9 CMakeFiles/Home_sys.dir/Drivers/STM32F3xx_HAL_Driver/Src/stm32f3xx_hal_dma.c.obj
                              0xbaa24 (size before relaxing)
 .debug_str     0x000c037f      0x3d7 CMakeFiles/Home_sys.dir/Drivers/STM32F3xx_HAL_Driver/Src/stm32f3xx_hal_cortex.c.obj
                              0xbb009 (size before relaxing)
 .debug_str     0x000c0756      0xe11 CMakeFiles/Home_sys.dir/Drivers/STM32F3xx_HAL_Driver/Src/stm32f3xx_hal_i2c.c.obj
                              0xbb9dc (size before relaxing)
 .debug_str     0x000c1567       0xd9 CMakeFiles/Home_sys.dir/Drivers/STM32F3xx_HAL_Driver/Src/stm32f3xx_hal_i2c_ex.c.obj
                              0xbac5f (size before relaxing)
 .debug_str     0x000c1640       0x76 CMakeFiles/Home_sys.dir/Core/Src/system_stm32f3xx.c.obj
                              0xba6dc (size before relaxing)
 .debug_str     0x000c16b6      0x4fd CMakeFiles/Home_sys.dir/Core/Src/sysmem.c.obj
                               0x5af8 (size before relaxing)
 .debug_str     0x000c1bb3       0x56 CMakeFiles/Home_sys.dir/startup_stm32f303xe.s.obj
                                 0x86 (size before relaxing)
 .debug_str     0x000c1c09      0x471 D:/programy/stm/STM32CubeMX/STM32CubeCLT_1.16.0/STM32CubeCLT_1.16.0/GNU-tools-for-STM32/bin/../lib/gcc/arm-none-eabi/12.3.1/../../../../arm-none-eabi/lib/thumb/v7e-m+fp/hard\libg_nano.a(libc_a-malloc.o)
                                0x556 (size before relaxing)
 .debug_str     0x000c207a       0x58 D:/programy/stm/STM32CubeMX/STM32CubeCLT_1.16.0/STM32CubeCLT_1.16.0/GNU-tools-for-STM32/bin/../lib/gcc/arm-none-eabi/12.3.1/../../../../arm-none-eabi/lib/thumb/v7e-m+fp/hard\libg_nano.a(libc_a-errno.o)
                                0x52b (size before relaxing)

.comment        0x00000000       0x43
 .comment       0x00000000       0x43 CMakeFiles/Home_sys.dir/Core/Src/main.c.obj
                                 0x44 (size before relaxing)
 .comment       0x00000043       0x44 CMakeFiles/Home_sys.dir/Core/Src/i2c.c.obj
 .comment       0x00000043       0x44 CMakeFiles/Home_sys.dir/Core/Src/dma.c.obj
 .comment       0x00000043       0x44 CMakeFiles/Home_sys.dir/Core/Src/SSD1306.c.obj
 .comment       0x00000043       0x44 CMakeFiles/Home_sys.dir/Core/Src/gpio.c.obj
 .comment       0x00000043       0x44 CMakeFiles/Home_sys.dir/Core/Src/GFX.c.obj
 .comment       0x00000043       0x44 CMakeFiles/Home_sys.dir/Core/Src/usart.c.obj
 .comment       0x00000043       0x44 CMakeFiles/Home_sys.dir/Core/Src/stm32f3xx_it.c.obj
 .comment       0x00000043       0x44 CMakeFiles/Home_sys.dir/Core/Src/stm32f3xx_hal_msp.c.obj
 .comment       0x00000043       0x44 CMakeFiles/Home_sys.dir/Drivers/STM32F3xx_HAL_Driver/Src/stm32f3xx_hal_uart.c.obj
 .comment       0x00000043       0x44 CMakeFiles/Home_sys.dir/Drivers/STM32F3xx_HAL_Driver/Src/stm32f3xx_hal.c.obj
 .comment       0x00000043       0x44 CMakeFiles/Home_sys.dir/Drivers/STM32F3xx_HAL_Driver/Src/stm32f3xx_hal_rcc.c.obj
 .comment       0x00000043       0x44 CMakeFiles/Home_sys.dir/Drivers/STM32F3xx_HAL_Driver/Src/stm32f3xx_hal_rcc_ex.c.obj
 .comment       0x00000043       0x44 CMakeFiles/Home_sys.dir/Drivers/STM32F3xx_HAL_Driver/Src/stm32f3xx_hal_gpio.c.obj
 .comment       0x00000043       0x44 CMakeFiles/Home_sys.dir/Drivers/STM32F3xx_HAL_Driver/Src/stm32f3xx_hal_dma.c.obj
 .comment       0x00000043       0x44 CMakeFiles/Home_sys.dir/Drivers/STM32F3xx_HAL_Driver/Src/stm32f3xx_hal_cortex.c.obj
 .comment       0x00000043       0x44 CMakeFiles/Home_sys.dir/Drivers/STM32F3xx_HAL_Driver/Src/stm32f3xx_hal_i2c.c.obj
 .comment       0x00000043       0x44 CMakeFiles/Home_sys.dir/Drivers/STM32F3xx_HAL_Driver/Src/stm32f3xx_hal_i2c_ex.c.obj
 .comment       0x00000043       0x44 CMakeFiles/Home_sys.dir/Core/Src/system_stm32f3xx.c.obj
 .comment       0x00000043       0x44 CMakeFiles/Home_sys.dir/Core/Src/sysmem.c.obj
 .comment       0x00000043       0x44 D:/programy/stm/STM32CubeMX/STM32CubeCLT_1.16.0/STM32CubeCLT_1.16.0/GNU-tools-for-STM32/bin/../lib/gcc/arm-none-eabi/12.3.1/../../../../arm-none-eabi/lib/thumb/v7e-m+fp/hard\libg_nano.a(libc_a-malloc.o)
 .comment       0x00000043       0x44 D:/programy/stm/STM32CubeMX/STM32CubeCLT_1.16.0/STM32CubeCLT_1.16.0/GNU-tools-for-STM32/bin/../lib/gcc/arm-none-eabi/12.3.1/../../../../arm-none-eabi/lib/thumb/v7e-m+fp/hard\libg_nano.a(libc_a-errno.o)

.debug_line_str
                0x00000000       0x6a
 .debug_line_str
                0x00000000       0x6a CMakeFiles/Home_sys.dir/startup_stm32f303xe.s.obj

.debug_loclists
                0x00000000       0x48
 .debug_loclists
                0x00000000       0x48 D:/programy/stm/STM32CubeMX/STM32CubeCLT_1.16.0/STM32CubeCLT_1.16.0/GNU-tools-for-STM32/bin/../lib/gcc/arm-none-eabi/12.3.1/../../../../arm-none-eabi/lib/thumb/v7e-m+fp/hard\libg_nano.a(libc_a-malloc.o)
